******************************************************************************
                  TI ARM Linker PC v5.2.2                      
******************************************************************************
>> Linked Wed Nov 11 23:12:21 2015

OUTPUT FILE NAME:   <Test_MPU6050.out>
ENTRY POINT SYMBOL: "_c_int00"  address: 00007b99


MEMORY CONFIGURATION

         name            origin    length      used     unused   attr    fill
----------------------  --------  ---------  --------  --------  ----  --------
  FLASH                 00000000   00040000  00008eba  00037146  R  X
  SRAM                  20000000   00008000  00001c73  0000638d  RW X


SEGMENT ALLOCATION MAP

run origin  load origin   length   init length attrs members
----------  ----------- ---------- ----------- ----- -------
00000000    00000000    00008ec0   00008ec0    r-x
  00000000    00000000    0000026c   0000026c    r-- .intvecs
  0000026c    0000026c    00008302   00008302    r-x .text
  00008570    00008570    000007f4   000007f4    r-- .const
  00008d68    00008d68    00000158   00000158    r-- .cinit
20000000    20000000    00001c7b   00000000    rw-
  20000000    20000000    0000026c   00000000    rw- .vtable
  20000270    20000270    00000d84   00000000    rw- .bss
  20000ff4    20000ff4    00000800   00000000    rw- .stack
  200017f8    200017f8    00000483   00000000    rw- .data


SECTION ALLOCATION MAP

 output                                  attributes/
section   page    origin      length       input sections
--------  ----  ----------  ----------   ----------------
.intvecs   0    00000000    0000026c     
                  00000000    0000026c     tm4c123gh6pm_startup_ccs.obj (.intvecs)

.text      0    0000026c    00008302     
                  0000026c    000010ba     rtsv7M4_T_le_v4SPD16_eabi.lib : _printfi.obj (.text)
                  00001326    00000002     --HOLE-- [fill = 0]
                  00001328    00000ac8     Uocluong.obj (.text)
                  00001df0    00000878     STE2007.obj (.text)
                  00002668    0000080e     hostcomm.obj (.text)
                  00002e76    00000002     --HOLE-- [fill = 0]
                  00002e78    0000074c     Bluetooth.obj (.text)
                  000035c4    0000074c     mpu6050.obj (.text)
                  00003d10    000006e4     main.obj (.text)
                  000043f4    00000534     speed_control.obj (.text)
                  00004928    000003d0     Kalman_Filter.obj (.text)
                  00004cf8    0000036c     SystemConfig.obj (.text)
                  00005064    00000314     qei.obj (.text)
                  00005378    00000304     EEPROM.obj (.text)
                  0000567c    000002e0     STR_Indirect.obj (.text)
                  0000595c    00000294     Complementary_Filter.obj (.text)
                  00005bf0    00000210     Button.obj (.text)
                  00005e00    000001f4     rtsv7M4_T_le_v4SPD16_eabi.lib : ull_div_t2.obj (.text)
                  00005ff4    000001dc     PID.obj (.text)
                  000061d0    000001b6     rtsv7M4_T_le_v4SPD16_eabi.lib : fd_add_t2.obj (.text)
                  00006386    00000002     --HOLE-- [fill = 0]
                  00006388    000001b4     Timer.obj (.text)
                  0000653c    0000018c     rtsv7M4_T_le_v4SPD16_eabi.lib : xatan.obj (.text)
                  000066c8    0000017c                                   : atan2.obj (.text)
                  00006844    00000174     MyTimer.obj (.text)
                  000069b8    00000164     MyServo.obj (.text)
                  00006b1c    00000148     rtGetInf.obj (.text)
                  00006c64    00000148     rtsv7M4_T_le_v4SPD16_eabi.lib : sqrt.obj (.text)
                  00006dac    00000136                                   : fd_div_t2.obj (.text)
                  00006ee2    00000130     driverlib.lib : gpio.obj (.text:GPIOPadConfigSet)
                  00007012    00000002     --HOLE-- [fill = 0]
                  00007014    00000114     rt_nonfinite.obj (.text)
                  00007128    00000110     rtsv7M4_T_le_v4SPD16_eabi.lib : xdscale.obj (.text)
                  00007238    0000010c     driverlib.lib : sysctl.obj (.text:SysCtlClockGet)
                  00007344    000000fc     rtsv7M4_T_le_v4SPD16_eabi.lib : fd_mul_t2.obj (.text)
                  00007440    000000f0     driverlib.lib : sysctl.obj (.text:SysCtlClockSet)
                  00007530    000000e8     rtGetNaN.obj (.text)
                  00007618    000000be     rtsv7M4_T_le_v4SPD16_eabi.lib : xdnorm.obj (.text)
                  000076d6    0000009c                                   : memcpy_t2.obj (.text)
                  00007772    00000086                                   : fd_cmp_t2.obj (.text:__aeabi_cdcmple)
                  000077f8    00000086                                   : fd_cmp_t2.obj (.text:__aeabi_cdrcmple)
                  0000787e    0000007a                                   : memset_t2.obj (.text)
                  000078f8    0000006c                                   : autoinit.obj (.text)
                  00007964    0000006a                                   : copy_decompress_rle.obj (.text)
                  000079ce    00000002     --HOLE-- [fill = 0]
                  000079d0    00000068     driverlib.lib : interrupt.obj (.text:IntEnable)
                  00007a38    00000066     rtsv7M4_T_le_v4SPD16_eabi.lib : xdunscal.obj (.text)
                  00007a9e    00000056                                   : ltoa.obj (.text)
                  00007af4    00000052                                   : ldexp.obj (.text)
                  00007b46    00000002     --HOLE-- [fill = 0]
                  00007b48    00000050     driverlib.lib : sysctl.obj (.text:SysCtlPeripheralReset)
                  00007b98    00000050     rtsv7M4_T_le_v4SPD16_eabi.lib : boot.obj (.text)
                  00007be8    0000004c     driverlib.lib : timer.obj (.text:_TimerIntNumberGet)
                  00007c34    0000004c     rtsv7M4_T_le_v4SPD16_eabi.lib : atoi.obj (.text)
                  00007c80    0000004c                                   : cpy_tbl.obj (.text)
                  00007ccc    0000004a                                   : fd_tos_t2.obj (.text)
                  00007d16    00000002     --HOLE-- [fill = 0]
                  00007d18    00000048     driverlib.lib : gpio.obj (.text:GPIOPinConfigure)
                  00007d60    00000048                   : i2c.obj (.text:I2CMasterInitExpClk)
                  00007da8    00000048                   : qei.obj (.text:_QEIIntNumberGet)
                  00007df0    00000048     rtsv7M4_T_le_v4SPD16_eabi.lib : fd_toi_t2.obj (.text)
                  00007e38    00000048                                   : vsprintf.obj (.text)
                  00007e80    00000044                                   : exit.obj (.text)
                  00007ec4    00000042     driverlib.lib : uart.obj (.text:UARTConfigSetExpClk)
                  00007f06    00000042     rtsv7M4_T_le_v4SPD16_eabi.lib : u_divt2.obj (.text)
                  00007f48    00000040     driverlib.lib : eeprom.obj (.text:EEPROMInit)
                  00007f88    00000040                   : gpio.obj (.text:_GPIOIntNumberGet)
                  00007fc8    00000040                   : uart.obj (.text:_UARTIntNumberGet)
                  00008008    00000040     rtsv7M4_T_le_v4SPD16_eabi.lib : signal.obj (.text)
                  00008048    00000038                                   : fs_tod_t2.obj (.text)
                  00008080    00000034     driverlib.lib : interrupt.obj (.text:IntRegister)
                  000080b4    00000034                   : sysctl.obj (.text:SysCtlPeripheralEnable)
                  000080e8    00000034     rtsv7M4_T_le_v4SPD16_eabi.lib : feraiseexcept.obj (.text)
                  0000811c    00000030                                   : xdclass.obj (.text)
                  0000814c    00000030                                   : xferaise.obj (.text)
                  0000817c    0000002e                                   : i_tofd_t2.obj (.text)
                  000081aa    0000002e                                   : raise.obj (.text)
                  000081d8    0000002a     driverlib.lib : gpio.obj (.text:GPIODirModeSet)
                  00008202    0000002a     rtsv7M4_T_le_v4SPD16_eabi.lib : frexp.obj (.text)
                  0000822c    00000022     driverlib.lib : pwm.obj (.text:PWMGenConfigure)
                  0000824e    0000001e                   : pwm.obj (.text:PWMPulseWidthSet)
                  0000826c    0000001c                   : systick.obj (.text:SysTickIntRegister)
                  00008288    0000001c                   : uart.obj (.text:UARTDisable)
                  000082a4    0000001c     rtsv7M4_T_le_v4SPD16_eabi.lib : memccpy.obj (.text)
                  000082c0    00000018     driverlib.lib : gpio.obj (.text:GPIOIntRegister)
                  000082d8    00000018                   : gpio.obj (.text:GPIOPinTypeGPIOOutput)
                  000082f0    00000018                   : qei.obj (.text:QEIIntRegister)
                  00008308    00000018                   : sysctl.obj (.text:SysCtlPWMClockGet)
                  00008320    00000018                   : timer.obj (.text:TimerIntRegister)
                  00008338    00000018                   : uart.obj (.text:UARTIntRegister)
                  00008350    00000018     rtsv7M4_T_le_v4SPD16_eabi.lib : args_main.obj (.text)
                  00008368    00000016                                   : strchr.obj (.text)
                  0000837e    00000002     --HOLE-- [fill = 0]
                  00008380    00000014     driverlib.lib : sysctl.obj (.text:SysCtlPWMClockSet)
                  00008394    00000014                   : uart.obj (.text:UARTEnable)
                  000083a8    00000014     rtsv7M4_T_le_v4SPD16_eabi.lib : _lock.obj (.text)
                  000083bc    00000014                                   : strlen.obj (.text)
                  000083d0    00000012     driverlib.lib : gpio.obj (.text:GPIOPinTypeI2C)
                  000083e2    00000012                   : gpio.obj (.text:GPIOPinTypeI2CSCL)
                  000083f4    00000012                   : gpio.obj (.text:GPIOPinTypePWM)
                  00008406    00000012                   : gpio.obj (.text:GPIOPinTypeUART)
                  00008418    00000012                   : pwm.obj (.text:PWMOutputState)
                  0000842a    00000010                   : interrupt.obj (.text:IntMasterDisable)
                  0000843a    00000010                   : interrupt.obj (.text:IntMasterEnable)
                  0000844a    00000010                   : pwm.obj (.text:PWMGenPeriodSet)
                  0000845a    00000002     --HOLE-- [fill = 0]
                  0000845c    00000010                   : eeprom.obj (.text:_EEPROMWaitForDone)
                  0000846c    0000000e                   : gpio.obj (.text:GPIOIntStatus)
                  0000847a    0000000e                   : uart.obj (.text:UARTCharPutNonBlocking)
                  00008488    0000000e     rtsv7M4_T_le_v4SPD16_eabi.lib : copy_decompress_none.obj (.text:decompress:none)
                  00008496    0000000c     driverlib.lib : cpu.obj (.text:CPUcpsid)
                  000084a2    0000000c                   : cpu.obj (.text:CPUcpsie)
                  000084ae    0000000c                   : gpio.obj (.text:GPIOIntEnable)
                  000084ba    0000000c                   : pwm.obj (.text:PWMGenDisable)
                  000084c6    0000000c                   : pwm.obj (.text:PWMGenEnable)
                  000084d2    0000000c                   : uart.obj (.text:UARTCharsAvail)
                  000084de    0000000c                   : uart.obj (.text:UARTTxIntModeSet)
                  000084ea    0000000c     rtsv7M4_T_le_v4SPD16_eabi.lib : copy_zero_init.obj (.text:decompress:ZI)
                  000084f6    0000000c     tm4c123gh6pm_startup_ccs.obj (.text)
                  00008502    0000000a     Control_initialize.obj (.text)
                  0000850c    0000000a     driverlib.lib : i2c.obj (.text:I2CMasterEnable)
                  00008516    0000000a                   : uart.obj (.text:UARTCharGet)
                  00008520    0000000a                   : uart.obj (.text:UARTIntStatus)
                  0000852a    00000008                   : i2c.obj (.text:I2CMasterBusy)
                  00008532    00000008                   : i2c.obj (.text:I2CMasterSlaveAddrSet)
                  0000853a    00000008                   : uart.obj (.text:UARTIntEnable)
                  00008542    00000006                   : gpio.obj (.text:GPIOIntClear)
                  00008548    00000006                   : gpio.obj (.text:GPIOPinWrite)
                  0000854e    00000006                   : sysctl.obj (.text:SysCtlDelay)
                  00008554    00000006     rtsv7M4_T_le_v4SPD16_eabi.lib : copy_decompress_rle.obj (.text:decompress:rle24)
                  0000855a    00000004     driverlib.lib : i2c.obj (.text:I2CMasterControl)
                  0000855e    00000004                   : i2c.obj (.text:I2CMasterDataGet)
                  00008562    00000004                   : i2c.obj (.text:I2CMasterDataPut)
                  00008566    00000004                   : uart.obj (.text:UARTIntClear)
                  0000856a    00000004     rtsv7M4_T_le_v4SPD16_eabi.lib : pre_init.obj (.text)

.const     0    00008570    000007f4     
                  00008570    00000240     STE2007.obj (.const:ASCII)
                  000087b0    00000101     rtsv7M4_T_le_v4SPD16_eabi.lib : ctype.obj (.const:.string:_ctypes_)
                  000088b1    00000003     --HOLE-- [fill = 0]
                  000088b4    000000c0     driverlib.lib : gpio.obj (.const:g_ppui32GPIOIntMapBlizzard)
                  00008974    000000c0                   : gpio.obj (.const:g_ppui32GPIOIntMapSnowflake)
                  00008a34    00000090                   : gpio.obj (.const:g_pui32GPIOBaseAddrs)
                  00008ac4    00000004     STE2007.obj (.const)
                  00008ac8    00000088     rtsv7M4_T_le_v4SPD16_eabi.lib : xatan.obj (.const)
                  00008b50    00000070     driverlib.lib : interrupt.obj (.const)
                  00008bc0    0000006c                   : sysctl.obj (.const:g_pui32Xtals)
                  00008c2c    00000060                   : timer.obj (.const:g_ppui32TimerIntMap)
                  00008c8c    00000040                   : timer.obj (.const:g_ppui32TimerIntMapSnowflake)
                  00008ccc    00000040                   : uart.obj (.const:g_ppui32UARTIntMap)
                  00008d0c    00000040                   : uart.obj (.const:g_ppui32UARTIntMapSnowflake)
                  00008d4c    00000012     STE2007.obj (.const:.string)
                  00008d5e    00000002     --HOLE-- [fill = 0]
                  00008d60    00000004     rtGetNaN.obj (.const)

.cinit     0    00008d68    00000158     
                  00008d68    00000121     (.cinit..data.load) [load image, compression = rle]
                  00008e89    00000003     --HOLE-- [fill = 0]
                  00008e8c    0000000c     (__TI_handler_table)
                  00008e98    00000008     (.cinit..bss.load) [load image, compression = zero_init]
                  00008ea0    00000008     (.cinit..vtable.load) [load image, compression = zero_init]
                  00008ea8    00000018     (__TI_cinit_table)

.init_array 
*          0    00000000    00000000     UNINITIALIZED

.vtable    0    20000000    0000026c     UNINITIALIZED
                  20000000    0000026c     driverlib.lib : interrupt.obj (.vtable)

.bss       0    20000270    00000d84     UNINITIALIZED
                  20000270    000005dc     Bluetooth.obj (.bss:rxBuffer)
                  2000084c    000005dc     Bluetooth.obj (.bss:txBuffer)
                  20000e28    00000050     Timer.obj (.bss:timer_event_list)
                  20000e78    00000034     hostcomm.obj (.bss:data)
                  20000eac    00000034     hostcomm.obj (.bss:rcvMsg)
                  20000ee0    00000034     hostcomm.obj (.bss:sendMsg)
                  20000f14    00000004     (.common:Button_left_callback)
                  20000f18    00000020     (.common:Theta)
                  20000f38    00000020     (.common:Theta2)
                  20000f58    00000014     (.common:HC05_Notify_Callbacks)
                  20000f6c    0000000c     (.common:hc05_EvtQueue)
                  20000f78    00000008     (.common:rtInf)
                  20000f80    00000008     (.common:rtMinusInf)
                  20000f88    00000008     (.common:rtNaN)
                  20000f90    00000004     (.common:Button_right_callback)
                  20000f94    00000004     (.common:KX_0)
                  20000f98    00000004     (.common:KX_1)
                  20000f9c    00000004     (.common:KY_0)
                  20000fa0    00000004     (.common:KY_1)
                  20000fa4    00000004     (.common:SX)
                  20000fa8    00000004     (.common:SY)
                  20000fac    00000004     (.common:len)
                  20000fb0    00000004     (.common:qei_velocity_timeout)
                  20000fb4    00000004     (.common:rtInfF)
                  20000fb8    00000004     (.common:rtMinusInfF)
                  20000fbc    00000004     (.common:rtNaNF)
                  20000fc0    00000004     (.common:ui32ServoPeriod)
                  20000fc4    00000004     (.common:ulCount$2)
                  20000fc8    00000004     (.common:ulNeg$3)
                  20000fcc    00000004     (.common:ulPos$1)
                  20000fd0    00000004     (.common:yX)
                  20000fd4    00000004     (.common:yY)
                  20000fd8    00000002     (.common:accaxisX)
                  20000fda    00000002     (.common:accaxisY)
                  20000fdc    00000002     (.common:accaxisZ)
                  20000fde    00000002     (.common:gyroaxisX)
                  20000fe0    00000002     (.common:gyroaxisY)
                  20000fe2    00000002     (.common:gyroaxisZ)
                  20000fe4    00000002     (.common:rxHead)
                  20000fe6    00000002     (.common:rxTail)
                  20000fe8    00000002     (.common:txHead)
                  20000fea    00000002     (.common:txTail)
                  20000fec    00000001     (.common:LED_Status$1)
                  20000fed    00000001     (.common:hc05_IsEvtQueueFull)
                  20000fee    00000001     (.common:hc05_SystemInfoID)
                  20000fef    00000001     (.common:hc05_SystemInfoType)
                  20000ff0    00000001     (.common:hc05_Timer_ID)
                  20000ff1    00000001     (.common:hc05_evt_r_index)
                  20000ff2    00000001     (.common:hc05_evt_w_index)
                  20000ff3    00000001     (.common:ui8ServoStatus)

.TI.noinit 
*          0    20000270    00000000     UNINITIALIZED

.stack     0    20000ff4    00000800     UNINITIALIZED
                  20000ff4    00000800     --HOLE--

.data      0    200017f8    00000483     UNINITIALIZED
                  200017f8    000000b0     rtsv7M4_T_le_v4SPD16_eabi.lib : signal.obj (.data:sigtable)
                  200018a8    00000080     Uocluong.obj (.data:P_$3)
                  20001928    00000080     Uocluong.obj (.data:P_$6)
                  200019a8    00000080     rtsv7M4_T_le_v4SPD16_eabi.lib : xvalues.obj (.data)
                  20001a28    0000005c     speed_control.obj (.data)
                  20001a84    00000048     main.obj (.data)
                  20001acc    00000040     Kalman_Filter.obj (.data)
                  20001b0c    00000004     Bluetooth.obj (.data)
                  20001b10    00000040     Uocluong.obj (.data)
                  20001b50    00000038     PID.obj (.data:PID_Big_Angle)
                  20001b88    00000038     PID.obj (.data:PID_Small_Angle)
                  20001bc0    00000030     STR_Indirect.obj (.data)
                  20001bf0    00000024     mpu6050.obj (.data)
                  20001c14    0000001c     Complementary_Filter.obj (.data)
                  20001c30    00000014     SystemConfig.obj (.data)
                  20001c44    0000000c     hostcomm.obj (.data)
                  20001c50    00000008     qei.obj (.data)
                  20001c58    00000008     rtsv7M4_T_le_v4SPD16_eabi.lib : _lock.obj (.data)
                  20001c60    00000008                                   : exit.obj (.data)
                  20001c68    00000008                                   : feraiseexcept.obj (.data)
                  20001c70    00000004                                   : errno.obj (.data)
                  20001c74    00000004                                   : stkdepth_vars.obj (.data)
                  20001c78    00000002     Button.obj (.data)
                  20001c7a    00000001     MyServo.obj (.data)

.TI.persistent 
*          0    200017f8    00000000     UNINITIALIZED


LINKER GENERATED COPY TABLES

__TI_cinit_table @ 00008ea8 records: 3, size/record: 8, table size: 24
	.data: load addr=00008d68, load size=00000121 bytes, run addr=200017f8, run size=00000483 bytes, compression=rle
	.bss: load addr=00008e98, load size=00000008 bytes, run addr=20000270, run size=00000d84 bytes, compression=zero_init
	.vtable: load addr=00008ea0, load size=00000008 bytes, run addr=20000000, run size=0000026c bytes, compression=zero_init


LINKER GENERATED HANDLER TABLE

__TI_handler_table @ 00008e8c records: 3, size/record: 4, table size: 12
	index: 0, handler: __TI_zero_init
	index: 1, handler: __TI_decompress_rle24
	index: 2, handler: __TI_decompress_none


GLOBAL SYMBOLS: SORTED ALPHABETICALLY BY Name 

address   name                                      
-------   ----                                      
00008570  ASCII                                     
20001a8c  Acc_X_angle                               
20001a90  Acc_Y_angle                               
20001a9c  AngleX_Zero                               
20001aa0  AngleY_Zero                               
00004dcd  ButtonLeftHandler                         
00005cc1  ButtonRegisterCallback                    
00004ea5  ButtonRightHandler                        
00005c37  Button_init                               
00007e81  C$$EXIT                                   
00008497  CPUcpsid                                  
000084a3  CPUcpsie                                  
00003995  Calibrate_MPU6050                         
0000434d  Check_Postive_Sig                         
00002dc3  Check_User_Password                       
00006ac1  CloseServo                                
0000595d  Complementary_X_Filter                    
000059ab  Complementary_Y_Filter                    
000069b9  ConfigServo                               
0000451d  Config_PWM                                
00004cff  Config_System                             
00006a37  ControlServo                              
00008503  Control_initialize                        
20001c3c  Counter_Togle_Led                         
0000540d  EEPROMConfig                              
00007f49  EEPROMInit                                
000081d9  GPIODirModeSet                            
00008543  GPIOIntClear                              
000084af  GPIOIntEnable                             
000082c1  GPIOIntRegister                           
0000846d  GPIOIntStatus                             
00006ee3  GPIOPadConfigSet                          
00007d19  GPIOPinConfigure                          
000082d9  GPIOPinTypeGPIOOutput                     
000083d1  GPIOPinTypeI2C                            
000083e3  GPIOPinTypeI2CSCL                         
000083f5  GPIOPinTypePWM                            
00008407  GPIOPinTypeUART                           
00008549  GPIOPinWrite                              
00003a57  Get_Zero_Angle                            
00004d93  Get_tick                                  
20001a94  Gyro_X_rate                               
20001a98  Gyro_Y_rate                               
00003559  HC05_ClearEvtQueue                        
0000335b  HC05_EventProcessing                      
00003249  HC05_GetRxData                            
0000328b  HC05_GetRxSize                            
00003355  HC05_GetSystemInfoID                      
0000334f  HC05_GetSystemInfoType                    
00003579  HC05_HandleTimeoutEvt                     
00003309  HC05_NotifyUpperLayer                     
20000f58  HC05_Notify_Callbacks                     
00003231  HC05_QueryRxData                          
00003291  HC05_RegisterEvtNotify                    
00003583  HC05_RunTimeout                           
00003595  HC05_StopTimeout                          
000032cb  HC05_UnregisterEvtNotify                  
00002699  HostCommInit                              
000027e1  HostComm_process                          
0000852b  I2CMasterBusy                             
0000855b  I2CMasterControl                          
0000855f  I2CMasterDataGet                          
00008563  I2CMasterDataPut                          
0000850d  I2CMasterEnable                           
00007d61  I2CMasterInitExpClk                       
00008533  I2CMasterSlaveAddrSet                     
00003939  Inc_ACC                                   
00003969  Inc_GYRO                                  
000079d1  IntEnable                                 
0000842b  IntMasterDisable                          
0000843b  IntMasterEnable                           
00008081  IntRegister                               
20000f94  KX_0                                      
20000f98  KX_1                                      
20000f9c  KY_0                                      
20000fa0  KY_1                                      
00004929  Kalman_X_Filter                           
00004ae1  Kalman_Y_Filter                           
0000229d  LCDDataWrite                              
000022e1  LCDprintf                                 
00005643  Load_All_User                             
00003b19  MPU6050_Get_X_angle                       
00003bd5  MPU6050_Get_Y_angle                       
00003c75  MPU6050_Gyro_X_rate                       
00003ca9  MPU6050_Gyro_Y_rate                       
00006a85  OpenServo                                 
20001b50  PID_Big_Angle                             
20001ab4  PID_Process_Flag                          
20001b88  PID_Small_Angle                           
0000822d  PWMGenConfigure                           
000084bb  PWMGenDisable                             
000084c7  PWMGenEnable                              
0000844b  PWMGenPeriodSet                           
00008419  PWMOutputState                            
0000824f  PWMPulseWidthSet                          
20001adc  PX_00                                     
20001ae0  PX_01                                     
20001ae4  PX_10                                     
20001ae8  PX_11                                     
20001afc  PY_00                                     
20001b00  PY_01                                     
20001b04  PY_10                                     
20001b08  PY_11                                     
20001ab5  Pre_Sig                                   
00004419  ProcessSpeedControl                       
00003db3  Process_Balancing                         
000040a1  Process_Balancing_2nd_Complementary_Filter
00003f39  Process_Balancing_Complementary_Filter    
000041d5  Process_Balancing_Kalman_Filter           
000082f1  QEIIntRegister                            
20001acc  Q_angleX                                  
20001aec  Q_angleY                                  
20001ad0  Q_gyroX                                   
20001af0  Q_gyroY                                   
20001ad4  R_angleX                                  
20001af4  R_angleY                                  
000084f7  ResetISR                                  
UNDEFED   SHT$$INIT_ARRAY$$Base                     
UNDEFED   SHT$$INIT_ARRAY$$Limit                    
0000567d  STR_Indirect                              
000057c9  STR_Indirect2                             
20000fa4  SX                                        
20000fa8  SY                                        
20001abc  Saturation_Left_PWM                       
20001ac0  Saturation_Right_PWM                      
000055ad  Save_User                                 
000059f9  Second_order_Complementary_X_Filter       
00005ad7  Second_order_Complementary_Y_Filter       
000045af  SetPWM_MotorLeft                          
00004649  SetPWM_MotorRight                         
00005bf1  Switch_init                               
00007239  SysCtlClockGet                            
00007441  SysCtlClockSet                            
0000854f  SysCtlDelay                               
00008309  SysCtlPWMClockGet                         
00008381  SysCtlPWMClockSet                         
000080b5  SysCtlPeripheralEnable                    
00007b49  SysCtlPeripheralReset                     
0000826d  SysTickIntRegister                        
000068cf  TIMER0_ISR                                
0000696b  TIMER1_ISR                                
000064a9  TIMER_ISR                                 
00006415  TIMER_RegisterEvent                       
0000646d  TIMER_UnregisterEvent                     
20001ab8  Target_Position                           
0000436f  Test_ENC                                  
00006845  Timer0Init                                
000068e1  Timer1Init                                
00008321  TimerIntRegister                          
00006389  Timer_Init                                
00004d99  Togle                                     
00008517  UARTCharGet                               
0000847b  UARTCharPutNonBlocking                    
000084d3  UARTCharsAvail                            
00007ec5  UARTConfigSetExpClk                       
00008289  UARTDisable                               
00008395  UARTEnable                                
00008567  UARTIntClear                              
0000853b  UARTIntEnable                             
00008339  UARTIntRegister                           
00008521  UARTIntStatus                             
000084df  UARTTxIntModeSet                          
00001329  Uocluong                                  
00001881  Uocluong2                                 
20001a84  X_angle                                   
20001ad8  X_bias                                    
20001a88  Y_angle                                   
20001af8  Y_bias                                    
0000653d  _Atan                                     
0000811d  _Dclass                                   
200019a8  _Denorm                                   
00007619  _Dnorm                                    
00007129  _Dscale                                   
00007a39  _Dunscale                                 
200019b8  _Eps                                      
20001c70  _Errno                                    
20001c68  _Fenv                                     
0000814d  _Feraise                                  
200019c8  _Hugeval                                  
200019d8  _Inf                                      
200019e8  _Nan                                      
20001a08  _Rteps                                    
200019f8  _Snan                                     
20001c6c  _Tls_setup__Fenv                          
20001a18  _Xbig                                     
20001a20  _Zero                                     
200017f4  __STACK_END                               
00000800  __STACK_SIZE                              
200011f4  __STACK_TOP                               
00008ea8  __TI_CINIT_Base                           
00008ec0  __TI_CINIT_Limit                          
00008e8c  __TI_Handler_Table_Base                   
00008e98  __TI_Handler_Table_Limit                  
000078f9  __TI_auto_init                            
20001c60  __TI_cleanup_ptr                          
00008489  __TI_decompress_none                      
00008555  __TI_decompress_rle24                     
20001c64  __TI_dtors_ptr                            
00001021  __TI_printfi                              
00000000  __TI_static_base__                        
000084eb  __TI_zero_init                            
00007773  __aeabi_cdcmpeq                           
00007773  __aeabi_cdcmple                           
000077f9  __aeabi_cdrcmple                          
00007ccd  __aeabi_d2f                               
00007df1  __aeabi_d2iz                              
000061db  __aeabi_dadd                              
00006dad  __aeabi_ddiv                              
00007345  __aeabi_dmul                              
000061d1  __aeabi_dsub                              
00008049  __aeabi_f2d                               
0000817d  __aeabi_i2d                               
0000787f  __aeabi_memclr                            
0000787f  __aeabi_memclr4                           
0000787f  __aeabi_memclr8                           
000076d7  __aeabi_memcpy                            
000076d7  __aeabi_memcpy4                           
000076d7  __aeabi_memcpy8                           
00007881  __aeabi_memset                            
00007881  __aeabi_memset4                           
00007881  __aeabi_memset8                           
00007f07  __aeabi_uidiv                             
00007f07  __aeabi_uidivmod                          
00005e01  __aeabi_uldivmod                          
ffffffff  __binit__                                 
ffffffff  __c_args__                                
20000ff4  __stack                                   
00008351  _args_main                                
00007b99  _c_int00                                  
000087b0  _ctypes_                                  
20001c58  _lock                                     
000083b7  _nop                                      
000083af  _register_lock                            
000083a9  _register_unlock                          
0000856b  _system_pre_init                          
20001c5c  _unlock                                   
20001c14  a                                         
00007e85  abort                                     
20000fd8  accaxisX                                  
20001bf0  accaxisX_offset                           
20000fda  accaxisY                                  
20001bf2  accaxisY_offset                           
20000fdc  accaxisZ                                  
20001bf4  accaxisZ_offset                           
000066c9  atan2                                     
00007c35  atoi                                      
ffffffff  binit                                     
00002e79  bluetooth_init                            
000031e5  bluetooth_print                           
00002fb1  bluetooth_recv                            
0000308b  bluetooth_send                            
0000312d  bluetooth_sendBytes                       
20001c38  bool_Process_Flag                         
000026c1  calcCheckSum                              
0000293d  copyFromArray                             
000028fd  copyToArray                               
00007c81  copy_in                                   
20001aac  dt                                        
00007e8d  exit                                      
000080e9  feraiseexcept                             
20001c18  filter_xterm                              
20001c24  filter_yterm                              
00008203  frexp                                     
20000000  g_pfnRAMVectors                           
00000000  g_pfnVectors                              
0000389b  getMPU6050Data                            
20000fde  gyroaxisX                                 
20001bf6  gyroaxisX_zero                            
20000fe0  gyroaxisY                                 
20001bf8  gyroaxisY_zero                            
20000fe2  gyroaxisZ                                 
20001bfa  gyroaxisZ_zero                            
20000f6c  hc05_EvtQueue                             
20000fed  hc05_IsEvtQueueFull                       
20000ff1  hc05_evt_r_index                          
20000ff2  hc05_evt_w_index                          
000036dd  i2cRead                                   
00003737  i2cReadData                               
00003619  i2cWrite                                  
0000363b  i2cWriteData                              
000035c5  initI2C                                   
00003801  initMPU6050                               
20001ab0  int32_Control_Signal                      
20001bfc  int32_accaxisX                            
20001c00  int32_accaxisY                            
20001c04  int32_accaxisZ                            
20001c08  int32_gyroaxisX                           
20001c0c  int32_gyroaxisY                           
20001c10  int32_gyroaxisZ                           
00002119  lcd_all                                   
0000204b  lcd_clear                                 
00002091  lcd_gotoxy                                
00001f3f  lcd_init                                  
00002145  lcd_mirror_x                              
00002159  lcd_mirror_y                              
000020e1  lcd_normal                                
00002175  lcd_putc                                  
000021fd  lcd_putn                                  
000021d9  lcd_puts                                  
00001df1  lcd_write                                 
00007af5  ldexp                                     
000054d9  loadMotorModel                            
00007a9f  ltoa                                      
00003d11  main                                      
20001c74  main_func_sp                              
000082a5  memccpy                                   
000076d7  memcpy                                    
00007887  memset                                    
20001c34  ms_Tickcount                              
0000601d  pid_process                               
0000618b  pid_reset                                 
00005ff5  pid_set_k_params                          
20001ac4  posLeft                                   
20001ac8  posRight                                  
00002bd5  prepareData_Command                       
00002985  prepareData_SignIN                        
00002ab9  prepareData_SignUP                        
00002ccb  prepareData_Temp                          
000052cd  qei_getPosLeft                            
000052dd  qei_getPosRight                           
00005283  qei_getVelocity                           
00005065  qei_init                                  
000052ed  qei_setPosLeft                            
00005301  qei_setPosRight                           
000081ab  raise                                     
00006b1d  rtGetInf                                  
00006ba5  rtGetInfF                                 
00006bb7  rtGetMinusInf                             
00006c3f  rtGetMinusInfF                            
00007531  rtGetNaN                                  
000075bd  rtGetNaNF                                 
20000f78  rtInf                                     
20000fb4  rtInfF                                    
00007063  rtIsInf                                   
00007091  rtIsInfF                                  
000070cb  rtIsNaN                                   
000070eb  rtIsNaNF                                  
20000f80  rtMinusInf                                
20000fb8  rtMinusInfF                               
20000f88  rtNaN                                     
20000fbc  rtNaNF                                    
00007015  rt_InitInfAndNaN                          
0000541b  saveMotorModel                            
00008009  signal                                    
00004893  speed_GetMotorModel                       
00004819  speed_SetMotorModel                       
000043f5  speed_control_init                        
000046e3  speed_set                                 
00006c65  sqrt                                      
00008369  strchr                                    
000083bd  strlen                                    
00004ea7  system_GetState                           
00004ec1  system_Process_System_State               
00004ead  system_SetState                           
00004cf9  u32_UsrSystemClockGet                     
20000fc0  ui32ServoPeriod                           
20001c7a  ui8AdjustServo                            
20000ff3  ui8ServoStatus                            
00007e39  vsprintf                                  
20000fd0  yX                                        
20000fd4  yY                                        


GLOBAL SYMBOLS: SORTED BY Symbol Address 

address   name                                      
-------   ----                                      
00000000  __TI_static_base__                        
00000000  g_pfnVectors                              
00000800  __STACK_SIZE                              
00001021  __TI_printfi                              
00001329  Uocluong                                  
00001881  Uocluong2                                 
00001df1  lcd_write                                 
00001f3f  lcd_init                                  
0000204b  lcd_clear                                 
00002091  lcd_gotoxy                                
000020e1  lcd_normal                                
00002119  lcd_all                                   
00002145  lcd_mirror_x                              
00002159  lcd_mirror_y                              
00002175  lcd_putc                                  
000021d9  lcd_puts                                  
000021fd  lcd_putn                                  
0000229d  LCDDataWrite                              
000022e1  LCDprintf                                 
00002699  HostCommInit                              
000026c1  calcCheckSum                              
000027e1  HostComm_process                          
000028fd  copyToArray                               
0000293d  copyFromArray                             
00002985  prepareData_SignIN                        
00002ab9  prepareData_SignUP                        
00002bd5  prepareData_Command                       
00002ccb  prepareData_Temp                          
00002dc3  Check_User_Password                       
00002e79  bluetooth_init                            
00002fb1  bluetooth_recv                            
0000308b  bluetooth_send                            
0000312d  bluetooth_sendBytes                       
000031e5  bluetooth_print                           
00003231  HC05_QueryRxData                          
00003249  HC05_GetRxData                            
0000328b  HC05_GetRxSize                            
00003291  HC05_RegisterEvtNotify                    
000032cb  HC05_UnregisterEvtNotify                  
00003309  HC05_NotifyUpperLayer                     
0000334f  HC05_GetSystemInfoType                    
00003355  HC05_GetSystemInfoID                      
0000335b  HC05_EventProcessing                      
00003559  HC05_ClearEvtQueue                        
00003579  HC05_HandleTimeoutEvt                     
00003583  HC05_RunTimeout                           
00003595  HC05_StopTimeout                          
000035c5  initI2C                                   
00003619  i2cWrite                                  
0000363b  i2cWriteData                              
000036dd  i2cRead                                   
00003737  i2cReadData                               
00003801  initMPU6050                               
0000389b  getMPU6050Data                            
00003939  Inc_ACC                                   
00003969  Inc_GYRO                                  
00003995  Calibrate_MPU6050                         
00003a57  Get_Zero_Angle                            
00003b19  MPU6050_Get_X_angle                       
00003bd5  MPU6050_Get_Y_angle                       
00003c75  MPU6050_Gyro_X_rate                       
00003ca9  MPU6050_Gyro_Y_rate                       
00003d11  main                                      
00003db3  Process_Balancing                         
00003f39  Process_Balancing_Complementary_Filter    
000040a1  Process_Balancing_2nd_Complementary_Filter
000041d5  Process_Balancing_Kalman_Filter           
0000434d  Check_Postive_Sig                         
0000436f  Test_ENC                                  
000043f5  speed_control_init                        
00004419  ProcessSpeedControl                       
0000451d  Config_PWM                                
000045af  SetPWM_MotorLeft                          
00004649  SetPWM_MotorRight                         
000046e3  speed_set                                 
00004819  speed_SetMotorModel                       
00004893  speed_GetMotorModel                       
00004929  Kalman_X_Filter                           
00004ae1  Kalman_Y_Filter                           
00004cf9  u32_UsrSystemClockGet                     
00004cff  Config_System                             
00004d93  Get_tick                                  
00004d99  Togle                                     
00004dcd  ButtonLeftHandler                         
00004ea5  ButtonRightHandler                        
00004ea7  system_GetState                           
00004ead  system_SetState                           
00004ec1  system_Process_System_State               
00005065  qei_init                                  
00005283  qei_getVelocity                           
000052cd  qei_getPosLeft                            
000052dd  qei_getPosRight                           
000052ed  qei_setPosLeft                            
00005301  qei_setPosRight                           
0000540d  EEPROMConfig                              
0000541b  saveMotorModel                            
000054d9  loadMotorModel                            
000055ad  Save_User                                 
00005643  Load_All_User                             
0000567d  STR_Indirect                              
000057c9  STR_Indirect2                             
0000595d  Complementary_X_Filter                    
000059ab  Complementary_Y_Filter                    
000059f9  Second_order_Complementary_X_Filter       
00005ad7  Second_order_Complementary_Y_Filter       
00005bf1  Switch_init                               
00005c37  Button_init                               
00005cc1  ButtonRegisterCallback                    
00005e01  __aeabi_uldivmod                          
00005ff5  pid_set_k_params                          
0000601d  pid_process                               
0000618b  pid_reset                                 
000061d1  __aeabi_dsub                              
000061db  __aeabi_dadd                              
00006389  Timer_Init                                
00006415  TIMER_RegisterEvent                       
0000646d  TIMER_UnregisterEvent                     
000064a9  TIMER_ISR                                 
0000653d  _Atan                                     
000066c9  atan2                                     
00006845  Timer0Init                                
000068cf  TIMER0_ISR                                
000068e1  Timer1Init                                
0000696b  TIMER1_ISR                                
000069b9  ConfigServo                               
00006a37  ControlServo                              
00006a85  OpenServo                                 
00006ac1  CloseServo                                
00006b1d  rtGetInf                                  
00006ba5  rtGetInfF                                 
00006bb7  rtGetMinusInf                             
00006c3f  rtGetMinusInfF                            
00006c65  sqrt                                      
00006dad  __aeabi_ddiv                              
00006ee3  GPIOPadConfigSet                          
00007015  rt_InitInfAndNaN                          
00007063  rtIsInf                                   
00007091  rtIsInfF                                  
000070cb  rtIsNaN                                   
000070eb  rtIsNaNF                                  
00007129  _Dscale                                   
00007239  SysCtlClockGet                            
00007345  __aeabi_dmul                              
00007441  SysCtlClockSet                            
00007531  rtGetNaN                                  
000075bd  rtGetNaNF                                 
00007619  _Dnorm                                    
000076d7  __aeabi_memcpy                            
000076d7  __aeabi_memcpy4                           
000076d7  __aeabi_memcpy8                           
000076d7  memcpy                                    
00007773  __aeabi_cdcmpeq                           
00007773  __aeabi_cdcmple                           
000077f9  __aeabi_cdrcmple                          
0000787f  __aeabi_memclr                            
0000787f  __aeabi_memclr4                           
0000787f  __aeabi_memclr8                           
00007881  __aeabi_memset                            
00007881  __aeabi_memset4                           
00007881  __aeabi_memset8                           
00007887  memset                                    
000078f9  __TI_auto_init                            
000079d1  IntEnable                                 
00007a39  _Dunscale                                 
00007a9f  ltoa                                      
00007af5  ldexp                                     
00007b49  SysCtlPeripheralReset                     
00007b99  _c_int00                                  
00007c35  atoi                                      
00007c81  copy_in                                   
00007ccd  __aeabi_d2f                               
00007d19  GPIOPinConfigure                          
00007d61  I2CMasterInitExpClk                       
00007df1  __aeabi_d2iz                              
00007e39  vsprintf                                  
00007e81  C$$EXIT                                   
00007e85  abort                                     
00007e8d  exit                                      
00007ec5  UARTConfigSetExpClk                       
00007f07  __aeabi_uidiv                             
00007f07  __aeabi_uidivmod                          
00007f49  EEPROMInit                                
00008009  signal                                    
00008049  __aeabi_f2d                               
00008081  IntRegister                               
000080b5  SysCtlPeripheralEnable                    
000080e9  feraiseexcept                             
0000811d  _Dclass                                   
0000814d  _Feraise                                  
0000817d  __aeabi_i2d                               
000081ab  raise                                     
000081d9  GPIODirModeSet                            
00008203  frexp                                     
0000822d  PWMGenConfigure                           
0000824f  PWMPulseWidthSet                          
0000826d  SysTickIntRegister                        
00008289  UARTDisable                               
000082a5  memccpy                                   
000082c1  GPIOIntRegister                           
000082d9  GPIOPinTypeGPIOOutput                     
000082f1  QEIIntRegister                            
00008309  SysCtlPWMClockGet                         
00008321  TimerIntRegister                          
00008339  UARTIntRegister                           
00008351  _args_main                                
00008369  strchr                                    
00008381  SysCtlPWMClockSet                         
00008395  UARTEnable                                
000083a9  _register_unlock                          
000083af  _register_lock                            
000083b7  _nop                                      
000083bd  strlen                                    
000083d1  GPIOPinTypeI2C                            
000083e3  GPIOPinTypeI2CSCL                         
000083f5  GPIOPinTypePWM                            
00008407  GPIOPinTypeUART                           
00008419  PWMOutputState                            
0000842b  IntMasterDisable                          
0000843b  IntMasterEnable                           
0000844b  PWMGenPeriodSet                           
0000846d  GPIOIntStatus                             
0000847b  UARTCharPutNonBlocking                    
00008489  __TI_decompress_none                      
00008497  CPUcpsid                                  
000084a3  CPUcpsie                                  
000084af  GPIOIntEnable                             
000084bb  PWMGenDisable                             
000084c7  PWMGenEnable                              
000084d3  UARTCharsAvail                            
000084df  UARTTxIntModeSet                          
000084eb  __TI_zero_init                            
000084f7  ResetISR                                  
00008503  Control_initialize                        
0000850d  I2CMasterEnable                           
00008517  UARTCharGet                               
00008521  UARTIntStatus                             
0000852b  I2CMasterBusy                             
00008533  I2CMasterSlaveAddrSet                     
0000853b  UARTIntEnable                             
00008543  GPIOIntClear                              
00008549  GPIOPinWrite                              
0000854f  SysCtlDelay                               
00008555  __TI_decompress_rle24                     
0000855b  I2CMasterControl                          
0000855f  I2CMasterDataGet                          
00008563  I2CMasterDataPut                          
00008567  UARTIntClear                              
0000856b  _system_pre_init                          
00008570  ASCII                                     
000087b0  _ctypes_                                  
00008e8c  __TI_Handler_Table_Base                   
00008e98  __TI_Handler_Table_Limit                  
00008ea8  __TI_CINIT_Base                           
00008ec0  __TI_CINIT_Limit                          
20000000  g_pfnRAMVectors                           
20000f58  HC05_Notify_Callbacks                     
20000f6c  hc05_EvtQueue                             
20000f78  rtInf                                     
20000f80  rtMinusInf                                
20000f88  rtNaN                                     
20000f94  KX_0                                      
20000f98  KX_1                                      
20000f9c  KY_0                                      
20000fa0  KY_1                                      
20000fa4  SX                                        
20000fa8  SY                                        
20000fb4  rtInfF                                    
20000fb8  rtMinusInfF                               
20000fbc  rtNaNF                                    
20000fc0  ui32ServoPeriod                           
20000fd0  yX                                        
20000fd4  yY                                        
20000fd8  accaxisX                                  
20000fda  accaxisY                                  
20000fdc  accaxisZ                                  
20000fde  gyroaxisX                                 
20000fe0  gyroaxisY                                 
20000fe2  gyroaxisZ                                 
20000fed  hc05_IsEvtQueueFull                       
20000ff1  hc05_evt_r_index                          
20000ff2  hc05_evt_w_index                          
20000ff3  ui8ServoStatus                            
20000ff4  __stack                                   
200011f4  __STACK_TOP                               
200017f4  __STACK_END                               
200019a8  _Denorm                                   
200019b8  _Eps                                      
200019c8  _Hugeval                                  
200019d8  _Inf                                      
200019e8  _Nan                                      
200019f8  _Snan                                     
20001a08  _Rteps                                    
20001a18  _Xbig                                     
20001a20  _Zero                                     
20001a84  X_angle                                   
20001a88  Y_angle                                   
20001a8c  Acc_X_angle                               
20001a90  Acc_Y_angle                               
20001a94  Gyro_X_rate                               
20001a98  Gyro_Y_rate                               
20001a9c  AngleX_Zero                               
20001aa0  AngleY_Zero                               
20001aac  dt                                        
20001ab0  int32_Control_Signal                      
20001ab4  PID_Process_Flag                          
20001ab5  Pre_Sig                                   
20001ab8  Target_Position                           
20001abc  Saturation_Left_PWM                       
20001ac0  Saturation_Right_PWM                      
20001ac4  posLeft                                   
20001ac8  posRight                                  
20001acc  Q_angleX                                  
20001ad0  Q_gyroX                                   
20001ad4  R_angleX                                  
20001ad8  X_bias                                    
20001adc  PX_00                                     
20001ae0  PX_01                                     
20001ae4  PX_10                                     
20001ae8  PX_11                                     
20001aec  Q_angleY                                  
20001af0  Q_gyroY                                   
20001af4  R_angleY                                  
20001af8  Y_bias                                    
20001afc  PY_00                                     
20001b00  PY_01                                     
20001b04  PY_10                                     
20001b08  PY_11                                     
20001b50  PID_Big_Angle                             
20001b88  PID_Small_Angle                           
20001bf0  accaxisX_offset                           
20001bf2  accaxisY_offset                           
20001bf4  accaxisZ_offset                           
20001bf6  gyroaxisX_zero                            
20001bf8  gyroaxisY_zero                            
20001bfa  gyroaxisZ_zero                            
20001bfc  int32_accaxisX                            
20001c00  int32_accaxisY                            
20001c04  int32_accaxisZ                            
20001c08  int32_gyroaxisX                           
20001c0c  int32_gyroaxisY                           
20001c10  int32_gyroaxisZ                           
20001c14  a                                         
20001c18  filter_xterm                              
20001c24  filter_yterm                              
20001c34  ms_Tickcount                              
20001c38  bool_Process_Flag                         
20001c3c  Counter_Togle_Led                         
20001c58  _lock                                     
20001c5c  _unlock                                   
20001c60  __TI_cleanup_ptr                          
20001c64  __TI_dtors_ptr                            
20001c68  _Fenv                                     
20001c6c  _Tls_setup__Fenv                          
20001c70  _Errno                                    
20001c74  main_func_sp                              
20001c7a  ui8AdjustServo                            
ffffffff  __binit__                                 
ffffffff  __c_args__                                
ffffffff  binit                                     
UNDEFED   SHT$$INIT_ARRAY$$Base                     
UNDEFED   SHT$$INIT_ARRAY$$Limit                    

[361 symbols]
