<?xml version="1.0"?>
<link_info>
   <banner>TI ARM Linker PC v5.2.2</banner>
   <copyright>Copyright (c) 1996-2015 Texas Instruments Incorporated</copyright>
   <link_time>0x564368e5</link_time>
   <link_errors>0x0</link_errors>
   <output_file>Test_MPU6050.out</output_file>
   <entry_point>
      <name>_c_int00</name>
      <address>0x7b99</address>
   </entry_point>
   <input_file_list>
      <input_file id="fl-2">
         <path>.\</path>
         <kind>object</kind>
         <file>MyServo.obj</file>
         <name>MyServo.obj</name>
      </input_file>
      <input_file id="fl-3">
         <path>.\</path>
         <kind>object</kind>
         <file>SystemConfig.obj</file>
         <name>SystemConfig.obj</name>
      </input_file>
      <input_file id="fl-4">
         <path>.\</path>
         <kind>object</kind>
         <file>main.obj</file>
         <name>main.obj</name>
      </input_file>
      <input_file id="fl-5">
         <path>.\</path>
         <kind>object</kind>
         <file>mpu6050.obj</file>
         <name>mpu6050.obj</name>
      </input_file>
      <input_file id="fl-6">
         <path>.\</path>
         <kind>object</kind>
         <file>tm4c123gh6pm_startup_ccs.obj</file>
         <name>tm4c123gh6pm_startup_ccs.obj</name>
      </input_file>
      <input_file id="fl-7">
         <path>.\Timer\</path>
         <kind>object</kind>
         <file>MyTimer.obj</file>
         <name>MyTimer.obj</name>
      </input_file>
      <input_file id="fl-8">
         <path>.\Timer\</path>
         <kind>object</kind>
         <file>Timer.obj</file>
         <name>Timer.obj</name>
      </input_file>
      <input_file id="fl-9">
         <path>.\STR\</path>
         <kind>object</kind>
         <file>Control_initialize.obj</file>
         <name>Control_initialize.obj</name>
      </input_file>
      <input_file id="fl-a">
         <path>.\STR\</path>
         <kind>object</kind>
         <file>STR_Indirect.obj</file>
         <name>STR_Indirect.obj</name>
      </input_file>
      <input_file id="fl-b">
         <path>.\STR\</path>
         <kind>object</kind>
         <file>Uocluong.obj</file>
         <name>Uocluong.obj</name>
      </input_file>
      <input_file id="fl-c">
         <path>.\STR\</path>
         <kind>object</kind>
         <file>rtGetInf.obj</file>
         <name>rtGetInf.obj</name>
      </input_file>
      <input_file id="fl-d">
         <path>.\STR\</path>
         <kind>object</kind>
         <file>rtGetNaN.obj</file>
         <name>rtGetNaN.obj</name>
      </input_file>
      <input_file id="fl-e">
         <path>.\STR\</path>
         <kind>object</kind>
         <file>rt_nonfinite.obj</file>
         <name>rt_nonfinite.obj</name>
      </input_file>
      <input_file id="fl-f">
         <path>.\STR\</path>
         <kind>object</kind>
         <file>speed_control.obj</file>
         <name>speed_control.obj</name>
      </input_file>
      <input_file id="fl-10">
         <path>.\QEI\</path>
         <kind>object</kind>
         <file>qei.obj</file>
         <name>qei.obj</name>
      </input_file>
      <input_file id="fl-11">
         <path>.\PID\</path>
         <kind>object</kind>
         <file>PID.obj</file>
         <name>PID.obj</name>
      </input_file>
      <input_file id="fl-12">
         <path>.\LCD1202\</path>
         <kind>object</kind>
         <file>STE2007.obj</file>
         <name>STE2007.obj</name>
      </input_file>
      <input_file id="fl-13">
         <path>.\Kalman_Filter\</path>
         <kind>object</kind>
         <file>Kalman_Filter.obj</file>
         <name>Kalman_Filter.obj</name>
      </input_file>
      <input_file id="fl-14">
         <path>.\HostComm\</path>
         <kind>object</kind>
         <file>hostcomm.obj</file>
         <name>hostcomm.obj</name>
      </input_file>
      <input_file id="fl-15">
         <path>.\Eeprom\</path>
         <kind>object</kind>
         <file>EEPROM.obj</file>
         <name>EEPROM.obj</name>
      </input_file>
      <input_file id="fl-16">
         <path>.\Complementary_Filter\</path>
         <kind>object</kind>
         <file>Complementary_Filter.obj</file>
         <name>Complementary_Filter.obj</name>
      </input_file>
      <input_file id="fl-17">
         <path>.\Button\</path>
         <kind>object</kind>
         <file>Button.obj</file>
         <name>Button.obj</name>
      </input_file>
      <input_file id="fl-18">
         <path>.\Bluetooth\</path>
         <kind>object</kind>
         <file>Bluetooth.obj</file>
         <name>Bluetooth.obj</name>
      </input_file>
      <input_file id="fl-19">
         <path>.\Bluetooth\</path>
         <kind>object</kind>
         <file>uartstdio.obj</file>
         <name>uartstdio.obj</name>
      </input_file>
      <input_file id="fl-1a">
         <path>.\Bluetooth\</path>
         <kind>object</kind>
         <file>ustdlib.obj</file>
         <name>ustdlib.obj</name>
      </input_file>
      <input_file id="fl-20">
         <path>C:\ti\TivaWare_C_Series-2.1.1.71\driverlib\ccs\Debug\</path>
         <kind>archive</kind>
         <file>driverlib.lib</file>
         <name>eeprom.obj</name>
      </input_file>
      <input_file id="fl-21">
         <path>C:\ti\TivaWare_C_Series-2.1.1.71\driverlib\ccs\Debug\</path>
         <kind>archive</kind>
         <file>driverlib.lib</file>
         <name>gpio.obj</name>
      </input_file>
      <input_file id="fl-22">
         <path>C:\ti\TivaWare_C_Series-2.1.1.71\driverlib\ccs\Debug\</path>
         <kind>archive</kind>
         <file>driverlib.lib</file>
         <name>i2c.obj</name>
      </input_file>
      <input_file id="fl-23">
         <path>C:\ti\TivaWare_C_Series-2.1.1.71\driverlib\ccs\Debug\</path>
         <kind>archive</kind>
         <file>driverlib.lib</file>
         <name>interrupt.obj</name>
      </input_file>
      <input_file id="fl-24">
         <path>C:\ti\TivaWare_C_Series-2.1.1.71\driverlib\ccs\Debug\</path>
         <kind>archive</kind>
         <file>driverlib.lib</file>
         <name>pwm.obj</name>
      </input_file>
      <input_file id="fl-25">
         <path>C:\ti\TivaWare_C_Series-2.1.1.71\driverlib\ccs\Debug\</path>
         <kind>archive</kind>
         <file>driverlib.lib</file>
         <name>qei.obj</name>
      </input_file>
      <input_file id="fl-26">
         <path>C:\ti\TivaWare_C_Series-2.1.1.71\driverlib\ccs\Debug\</path>
         <kind>archive</kind>
         <file>driverlib.lib</file>
         <name>sysctl.obj</name>
      </input_file>
      <input_file id="fl-27">
         <path>C:\ti\TivaWare_C_Series-2.1.1.71\driverlib\ccs\Debug\</path>
         <kind>archive</kind>
         <file>driverlib.lib</file>
         <name>systick.obj</name>
      </input_file>
      <input_file id="fl-28">
         <path>C:\ti\TivaWare_C_Series-2.1.1.71\driverlib\ccs\Debug\</path>
         <kind>archive</kind>
         <file>driverlib.lib</file>
         <name>timer.obj</name>
      </input_file>
      <input_file id="fl-29">
         <path>C:\ti\TivaWare_C_Series-2.1.1.71\driverlib\ccs\Debug\</path>
         <kind>archive</kind>
         <file>driverlib.lib</file>
         <name>uart.obj</name>
      </input_file>
      <input_file id="fl-2a">
         <path>C:\ti\TivaWare_C_Series-2.1.1.71\driverlib\ccs\Debug\</path>
         <kind>archive</kind>
         <file>driverlib.lib</file>
         <name>cpu.obj</name>
      </input_file>
      <input_file id="fl-14c">
         <path>E:\ti\ccsv6\tools\compiler\ti-cgt-arm_5.2.2\lib\</path>
         <kind>archive</kind>
         <file>rtsv7M4_T_le_v4SPD16_eabi.lib</file>
         <name>atan2.obj</name>
      </input_file>
      <input_file id="fl-14d">
         <path>E:\ti\ccsv6\tools\compiler\ti-cgt-arm_5.2.2\lib\</path>
         <kind>archive</kind>
         <file>rtsv7M4_T_le_v4SPD16_eabi.lib</file>
         <name>boot.obj</name>
      </input_file>
      <input_file id="fl-14e">
         <path>E:\ti\ccsv6\tools\compiler\ti-cgt-arm_5.2.2\lib\</path>
         <kind>archive</kind>
         <file>rtsv7M4_T_le_v4SPD16_eabi.lib</file>
         <name>copy_decompress_none.obj</name>
      </input_file>
      <input_file id="fl-14f">
         <path>E:\ti\ccsv6\tools\compiler\ti-cgt-arm_5.2.2\lib\</path>
         <kind>archive</kind>
         <file>rtsv7M4_T_le_v4SPD16_eabi.lib</file>
         <name>copy_decompress_rle.obj</name>
      </input_file>
      <input_file id="fl-150">
         <path>E:\ti\ccsv6\tools\compiler\ti-cgt-arm_5.2.2\lib\</path>
         <kind>archive</kind>
         <file>rtsv7M4_T_le_v4SPD16_eabi.lib</file>
         <name>copy_zero_init.obj</name>
      </input_file>
      <input_file id="fl-151">
         <path>E:\ti\ccsv6\tools\compiler\ti-cgt-arm_5.2.2\lib\</path>
         <kind>archive</kind>
         <file>rtsv7M4_T_le_v4SPD16_eabi.lib</file>
         <name>exit.obj</name>
      </input_file>
      <input_file id="fl-152">
         <path>E:\ti\ccsv6\tools\compiler\ti-cgt-arm_5.2.2\lib\</path>
         <kind>archive</kind>
         <file>rtsv7M4_T_le_v4SPD16_eabi.lib</file>
         <name>fd_add_t2.obj</name>
      </input_file>
      <input_file id="fl-153">
         <path>E:\ti\ccsv6\tools\compiler\ti-cgt-arm_5.2.2\lib\</path>
         <kind>archive</kind>
         <file>rtsv7M4_T_le_v4SPD16_eabi.lib</file>
         <name>fd_cmp_t2.obj</name>
      </input_file>
      <input_file id="fl-154">
         <path>E:\ti\ccsv6\tools\compiler\ti-cgt-arm_5.2.2\lib\</path>
         <kind>archive</kind>
         <file>rtsv7M4_T_le_v4SPD16_eabi.lib</file>
         <name>fd_div_t2.obj</name>
      </input_file>
      <input_file id="fl-155">
         <path>E:\ti\ccsv6\tools\compiler\ti-cgt-arm_5.2.2\lib\</path>
         <kind>archive</kind>
         <file>rtsv7M4_T_le_v4SPD16_eabi.lib</file>
         <name>fd_mul_t2.obj</name>
      </input_file>
      <input_file id="fl-156">
         <path>E:\ti\ccsv6\tools\compiler\ti-cgt-arm_5.2.2\lib\</path>
         <kind>archive</kind>
         <file>rtsv7M4_T_le_v4SPD16_eabi.lib</file>
         <name>fd_toi_t2.obj</name>
      </input_file>
      <input_file id="fl-157">
         <path>E:\ti\ccsv6\tools\compiler\ti-cgt-arm_5.2.2\lib\</path>
         <kind>archive</kind>
         <file>rtsv7M4_T_le_v4SPD16_eabi.lib</file>
         <name>fd_tos_t2.obj</name>
      </input_file>
      <input_file id="fl-158">
         <path>E:\ti\ccsv6\tools\compiler\ti-cgt-arm_5.2.2\lib\</path>
         <kind>archive</kind>
         <file>rtsv7M4_T_le_v4SPD16_eabi.lib</file>
         <name>fs_tod_t2.obj</name>
      </input_file>
      <input_file id="fl-159">
         <path>E:\ti\ccsv6\tools\compiler\ti-cgt-arm_5.2.2\lib\</path>
         <kind>archive</kind>
         <file>rtsv7M4_T_le_v4SPD16_eabi.lib</file>
         <name>i_tofd_t2.obj</name>
      </input_file>
      <input_file id="fl-15a">
         <path>E:\ti\ccsv6\tools\compiler\ti-cgt-arm_5.2.2\lib\</path>
         <kind>archive</kind>
         <file>rtsv7M4_T_le_v4SPD16_eabi.lib</file>
         <name>memcpy_t2.obj</name>
      </input_file>
      <input_file id="fl-15b">
         <path>E:\ti\ccsv6\tools\compiler\ti-cgt-arm_5.2.2\lib\</path>
         <kind>archive</kind>
         <file>rtsv7M4_T_le_v4SPD16_eabi.lib</file>
         <name>memset_t2.obj</name>
      </input_file>
      <input_file id="fl-15c">
         <path>E:\ti\ccsv6\tools\compiler\ti-cgt-arm_5.2.2\lib\</path>
         <kind>archive</kind>
         <file>rtsv7M4_T_le_v4SPD16_eabi.lib</file>
         <name>pre_init.obj</name>
      </input_file>
      <input_file id="fl-15d">
         <path>E:\ti\ccsv6\tools\compiler\ti-cgt-arm_5.2.2\lib\</path>
         <kind>archive</kind>
         <file>rtsv7M4_T_le_v4SPD16_eabi.lib</file>
         <name>sqrt.obj</name>
      </input_file>
      <input_file id="fl-15e">
         <path>E:\ti\ccsv6\tools\compiler\ti-cgt-arm_5.2.2\lib\</path>
         <kind>archive</kind>
         <file>rtsv7M4_T_le_v4SPD16_eabi.lib</file>
         <name>stkdepth_vars.obj</name>
      </input_file>
      <input_file id="fl-15f">
         <path>E:\ti\ccsv6\tools\compiler\ti-cgt-arm_5.2.2\lib\</path>
         <kind>archive</kind>
         <file>rtsv7M4_T_le_v4SPD16_eabi.lib</file>
         <name>strlen.obj</name>
      </input_file>
      <input_file id="fl-160">
         <path>E:\ti\ccsv6\tools\compiler\ti-cgt-arm_5.2.2\lib\</path>
         <kind>archive</kind>
         <file>rtsv7M4_T_le_v4SPD16_eabi.lib</file>
         <name>u_divt2.obj</name>
      </input_file>
      <input_file id="fl-161">
         <path>E:\ti\ccsv6\tools\compiler\ti-cgt-arm_5.2.2\lib\</path>
         <kind>archive</kind>
         <file>rtsv7M4_T_le_v4SPD16_eabi.lib</file>
         <name>vsprintf.obj</name>
      </input_file>
      <input_file id="fl-162">
         <path>E:\ti\ccsv6\tools\compiler\ti-cgt-arm_5.2.2\lib\</path>
         <kind>archive</kind>
         <file>rtsv7M4_T_le_v4SPD16_eabi.lib</file>
         <name>xatan.obj</name>
      </input_file>
      <input_file id="fl-163">
         <path>E:\ti\ccsv6\tools\compiler\ti-cgt-arm_5.2.2\lib\</path>
         <kind>archive</kind>
         <file>rtsv7M4_T_le_v4SPD16_eabi.lib</file>
         <name>xdscale.obj</name>
      </input_file>
      <input_file id="fl-164">
         <path>E:\ti\ccsv6\tools\compiler\ti-cgt-arm_5.2.2\lib\</path>
         <kind>archive</kind>
         <file>rtsv7M4_T_le_v4SPD16_eabi.lib</file>
         <name>xdunscal.obj</name>
      </input_file>
      <input_file id="fl-165">
         <path>E:\ti\ccsv6\tools\compiler\ti-cgt-arm_5.2.2\lib\</path>
         <kind>archive</kind>
         <file>rtsv7M4_T_le_v4SPD16_eabi.lib</file>
         <name>xferaise.obj</name>
      </input_file>
      <input_file id="fl-166">
         <path>E:\ti\ccsv6\tools\compiler\ti-cgt-arm_5.2.2\lib\</path>
         <kind>archive</kind>
         <file>rtsv7M4_T_le_v4SPD16_eabi.lib</file>
         <name>xvalues.obj</name>
      </input_file>
      <input_file id="fl-167">
         <path>E:\ti\ccsv6\tools\compiler\ti-cgt-arm_5.2.2\lib\</path>
         <kind>archive</kind>
         <file>rtsv7M4_T_le_v4SPD16_eabi.lib</file>
         <name>_lock.obj</name>
      </input_file>
      <input_file id="fl-168">
         <path>E:\ti\ccsv6\tools\compiler\ti-cgt-arm_5.2.2\lib\</path>
         <kind>archive</kind>
         <file>rtsv7M4_T_le_v4SPD16_eabi.lib</file>
         <name>_printfi.obj</name>
      </input_file>
      <input_file id="fl-169">
         <path>E:\ti\ccsv6\tools\compiler\ti-cgt-arm_5.2.2\lib\</path>
         <kind>archive</kind>
         <file>rtsv7M4_T_le_v4SPD16_eabi.lib</file>
         <name>args_main.obj</name>
      </input_file>
      <input_file id="fl-16a">
         <path>E:\ti\ccsv6\tools\compiler\ti-cgt-arm_5.2.2\lib\</path>
         <kind>archive</kind>
         <file>rtsv7M4_T_le_v4SPD16_eabi.lib</file>
         <name>atoi.obj</name>
      </input_file>
      <input_file id="fl-16b">
         <path>E:\ti\ccsv6\tools\compiler\ti-cgt-arm_5.2.2\lib\</path>
         <kind>archive</kind>
         <file>rtsv7M4_T_le_v4SPD16_eabi.lib</file>
         <name>autoinit.obj</name>
      </input_file>
      <input_file id="fl-16c">
         <path>E:\ti\ccsv6\tools\compiler\ti-cgt-arm_5.2.2\lib\</path>
         <kind>archive</kind>
         <file>rtsv7M4_T_le_v4SPD16_eabi.lib</file>
         <name>cpy_tbl.obj</name>
      </input_file>
      <input_file id="fl-16d">
         <path>E:\ti\ccsv6\tools\compiler\ti-cgt-arm_5.2.2\lib\</path>
         <kind>archive</kind>
         <file>rtsv7M4_T_le_v4SPD16_eabi.lib</file>
         <name>ctype.obj</name>
      </input_file>
      <input_file id="fl-16e">
         <path>E:\ti\ccsv6\tools\compiler\ti-cgt-arm_5.2.2\lib\</path>
         <kind>archive</kind>
         <file>rtsv7M4_T_le_v4SPD16_eabi.lib</file>
         <name>errno.obj</name>
      </input_file>
      <input_file id="fl-16f">
         <path>E:\ti\ccsv6\tools\compiler\ti-cgt-arm_5.2.2\lib\</path>
         <kind>archive</kind>
         <file>rtsv7M4_T_le_v4SPD16_eabi.lib</file>
         <name>feraiseexcept.obj</name>
      </input_file>
      <input_file id="fl-170">
         <path>E:\ti\ccsv6\tools\compiler\ti-cgt-arm_5.2.2\lib\</path>
         <kind>archive</kind>
         <file>rtsv7M4_T_le_v4SPD16_eabi.lib</file>
         <name>frexp.obj</name>
      </input_file>
      <input_file id="fl-171">
         <path>E:\ti\ccsv6\tools\compiler\ti-cgt-arm_5.2.2\lib\</path>
         <kind>archive</kind>
         <file>rtsv7M4_T_le_v4SPD16_eabi.lib</file>
         <name>ldexp.obj</name>
      </input_file>
      <input_file id="fl-172">
         <path>E:\ti\ccsv6\tools\compiler\ti-cgt-arm_5.2.2\lib\</path>
         <kind>archive</kind>
         <file>rtsv7M4_T_le_v4SPD16_eabi.lib</file>
         <name>ltoa.obj</name>
      </input_file>
      <input_file id="fl-173">
         <path>E:\ti\ccsv6\tools\compiler\ti-cgt-arm_5.2.2\lib\</path>
         <kind>archive</kind>
         <file>rtsv7M4_T_le_v4SPD16_eabi.lib</file>
         <name>memccpy.obj</name>
      </input_file>
      <input_file id="fl-174">
         <path>E:\ti\ccsv6\tools\compiler\ti-cgt-arm_5.2.2\lib\</path>
         <kind>archive</kind>
         <file>rtsv7M4_T_le_v4SPD16_eabi.lib</file>
         <name>raise.obj</name>
      </input_file>
      <input_file id="fl-175">
         <path>E:\ti\ccsv6\tools\compiler\ti-cgt-arm_5.2.2\lib\</path>
         <kind>archive</kind>
         <file>rtsv7M4_T_le_v4SPD16_eabi.lib</file>
         <name>signal.obj</name>
      </input_file>
      <input_file id="fl-176">
         <path>E:\ti\ccsv6\tools\compiler\ti-cgt-arm_5.2.2\lib\</path>
         <kind>archive</kind>
         <file>rtsv7M4_T_le_v4SPD16_eabi.lib</file>
         <name>strchr.obj</name>
      </input_file>
      <input_file id="fl-177">
         <path>E:\ti\ccsv6\tools\compiler\ti-cgt-arm_5.2.2\lib\</path>
         <kind>archive</kind>
         <file>rtsv7M4_T_le_v4SPD16_eabi.lib</file>
         <name>ull_div_t2.obj</name>
      </input_file>
      <input_file id="fl-178">
         <path>E:\ti\ccsv6\tools\compiler\ti-cgt-arm_5.2.2\lib\</path>
         <kind>archive</kind>
         <file>rtsv7M4_T_le_v4SPD16_eabi.lib</file>
         <name>xdclass.obj</name>
      </input_file>
      <input_file id="fl-179">
         <path>E:\ti\ccsv6\tools\compiler\ti-cgt-arm_5.2.2\lib\</path>
         <kind>archive</kind>
         <file>rtsv7M4_T_le_v4SPD16_eabi.lib</file>
         <name>xdnorm.obj</name>
      </input_file>
   </input_file_list>
   <object_component_list>
      <object_component id="oc-f">
         <name>.intvecs</name>
         <load_address>0x0</load_address>
         <run_address>0x0</run_address>
         <size>0x26c</size>
         <input_file_ref idref="fl-6"/>
      </object_component>
      <object_component id="oc-476">
         <name>.text</name>
         <load_address>0x26c</load_address>
         <run_address>0x26c</run_address>
         <size>0x10ba</size>
         <input_file_ref idref="fl-168"/>
      </object_component>
      <object_component id="oc-1ee">
         <name>.text</name>
         <load_address>0x1328</load_address>
         <run_address>0x1328</run_address>
         <size>0xac8</size>
         <input_file_ref idref="fl-b"/>
      </object_component>
      <object_component id="oc-105">
         <name>.text</name>
         <load_address>0x1df0</load_address>
         <run_address>0x1df0</run_address>
         <size>0x878</size>
         <input_file_ref idref="fl-12"/>
      </object_component>
      <object_component id="oc-10b">
         <name>.text</name>
         <load_address>0x2668</load_address>
         <run_address>0x2668</run_address>
         <size>0x80e</size>
         <input_file_ref idref="fl-14"/>
      </object_component>
      <object_component id="oc-153">
         <name>.text</name>
         <load_address>0x2e78</load_address>
         <run_address>0x2e78</run_address>
         <size>0x74c</size>
         <input_file_ref idref="fl-18"/>
      </object_component>
      <object_component id="oc-111">
         <name>.text</name>
         <load_address>0x35c4</load_address>
         <run_address>0x35c4</run_address>
         <size>0x74c</size>
         <input_file_ref idref="fl-5"/>
      </object_component>
      <object_component id="oc-9d">
         <name>.text</name>
         <load_address>0x3d10</load_address>
         <run_address>0x3d10</run_address>
         <size>0x6e4</size>
         <input_file_ref idref="fl-4"/>
      </object_component>
      <object_component id="oc-d5">
         <name>.text</name>
         <load_address>0x43f4</load_address>
         <run_address>0x43f4</run_address>
         <size>0x534</size>
         <input_file_ref idref="fl-f"/>
      </object_component>
      <object_component id="oc-148">
         <name>.text</name>
         <load_address>0x4928</load_address>
         <run_address>0x4928</run_address>
         <size>0x3d0</size>
         <input_file_ref idref="fl-13"/>
      </object_component>
      <object_component id="oc-c3">
         <name>.text</name>
         <load_address>0x4cf8</load_address>
         <run_address>0x4cf8</run_address>
         <size>0x36c</size>
         <input_file_ref idref="fl-3"/>
      </object_component>
      <object_component id="oc-cf">
         <name>.text</name>
         <load_address>0x5064</load_address>
         <run_address>0x5064</run_address>
         <size>0x314</size>
         <input_file_ref idref="fl-10"/>
      </object_component>
      <object_component id="oc-ed">
         <name>.text</name>
         <load_address>0x5378</load_address>
         <run_address>0x5378</run_address>
         <size>0x304</size>
         <input_file_ref idref="fl-15"/>
      </object_component>
      <object_component id="oc-1de">
         <name>.text</name>
         <load_address>0x567c</load_address>
         <run_address>0x567c</run_address>
         <size>0x2e0</size>
         <input_file_ref idref="fl-a"/>
      </object_component>
      <object_component id="oc-12d">
         <name>.text</name>
         <load_address>0x595c</load_address>
         <run_address>0x595c</run_address>
         <size>0x294</size>
         <input_file_ref idref="fl-16"/>
      </object_component>
      <object_component id="oc-c9">
         <name>.text</name>
         <load_address>0x5bf0</load_address>
         <run_address>0x5bf0</run_address>
         <size>0x210</size>
         <input_file_ref idref="fl-17"/>
      </object_component>
      <object_component id="oc-503">
         <name>.text</name>
         <load_address>0x5e00</load_address>
         <run_address>0x5e00</run_address>
         <size>0x1f4</size>
         <input_file_ref idref="fl-177"/>
      </object_component>
      <object_component id="oc-11d">
         <name>.text</name>
         <load_address>0x5ff4</load_address>
         <run_address>0x5ff4</run_address>
         <size>0x1dc</size>
         <input_file_ref idref="fl-11"/>
      </object_component>
      <object_component id="oc-2be">
         <name>.text</name>
         <load_address>0x61d0</load_address>
         <run_address>0x61d0</run_address>
         <size>0x1b6</size>
         <input_file_ref idref="fl-152"/>
      </object_component>
      <object_component id="oc-f3">
         <name>.text</name>
         <load_address>0x6388</load_address>
         <run_address>0x6388</run_address>
         <size>0x1b4</size>
         <input_file_ref idref="fl-8"/>
      </object_component>
      <object_component id="oc-436">
         <name>.text</name>
         <load_address>0x653c</load_address>
         <run_address>0x653c</run_address>
         <size>0x18c</size>
         <input_file_ref idref="fl-162"/>
      </object_component>
      <object_component id="oc-2ce">
         <name>.text</name>
         <load_address>0x66c8</load_address>
         <run_address>0x66c8</run_address>
         <size>0x17c</size>
         <input_file_ref idref="fl-14c"/>
      </object_component>
      <object_component id="oc-f9">
         <name>.text</name>
         <load_address>0x6844</load_address>
         <run_address>0x6844</run_address>
         <size>0x174</size>
         <input_file_ref idref="fl-7"/>
      </object_component>
      <object_component id="oc-ff">
         <name>.text</name>
         <load_address>0x69b8</load_address>
         <run_address>0x69b8</run_address>
         <size>0x164</size>
         <input_file_ref idref="fl-2"/>
      </object_component>
      <object_component id="oc-4a2">
         <name>.text</name>
         <load_address>0x6b1c</load_address>
         <run_address>0x6b1c</run_address>
         <size>0x148</size>
         <input_file_ref idref="fl-c"/>
      </object_component>
      <object_component id="oc-2c8">
         <name>.text</name>
         <load_address>0x6c64</load_address>
         <run_address>0x6c64</run_address>
         <size>0x148</size>
         <input_file_ref idref="fl-15d"/>
      </object_component>
      <object_component id="oc-2c3">
         <name>.text</name>
         <load_address>0x6dac</load_address>
         <run_address>0x6dac</run_address>
         <size>0x136</size>
         <input_file_ref idref="fl-154"/>
      </object_component>
      <object_component id="oc-37c">
         <name>.text:GPIOPadConfigSet</name>
         <load_address>0x6ee2</load_address>
         <run_address>0x6ee2</run_address>
         <size>0x130</size>
         <input_file_ref idref="fl-21"/>
      </object_component>
      <object_component id="oc-3b3">
         <name>.text</name>
         <load_address>0x7014</load_address>
         <run_address>0x7014</run_address>
         <size>0x114</size>
         <input_file_ref idref="fl-e"/>
      </object_component>
      <object_component id="oc-426">
         <name>.text</name>
         <load_address>0x7128</load_address>
         <run_address>0x7128</run_address>
         <size>0x110</size>
         <input_file_ref idref="fl-163"/>
      </object_component>
      <object_component id="oc-db">
         <name>.text:SysCtlClockGet</name>
         <load_address>0x7238</load_address>
         <run_address>0x7238</run_address>
         <size>0x10c</size>
         <input_file_ref idref="fl-26"/>
      </object_component>
      <object_component id="oc-23f">
         <name>.text</name>
         <load_address>0x7344</load_address>
         <run_address>0x7344</run_address>
         <size>0xfc</size>
         <input_file_ref idref="fl-155"/>
      </object_component>
      <object_component id="oc-176">
         <name>.text:SysCtlClockSet</name>
         <load_address>0x7440</load_address>
         <run_address>0x7440</run_address>
         <size>0xf0</size>
         <input_file_ref idref="fl-26"/>
      </object_component>
      <object_component id="oc-49c">
         <name>.text</name>
         <load_address>0x7530</load_address>
         <run_address>0x7530</run_address>
         <size>0xe8</size>
         <input_file_ref idref="fl-d"/>
      </object_component>
      <object_component id="oc-4d1">
         <name>.text</name>
         <load_address>0x7618</load_address>
         <run_address>0x7618</run_address>
         <size>0xbe</size>
         <input_file_ref idref="fl-179"/>
      </object_component>
      <object_component id="oc-33">
         <name>.text</name>
         <load_address>0x76d6</load_address>
         <run_address>0x76d6</run_address>
         <size>0x9c</size>
         <input_file_ref idref="fl-15a"/>
      </object_component>
      <object_component id="oc-2de">
         <name>.text:__aeabi_cdcmple</name>
         <load_address>0x7772</load_address>
         <run_address>0x7772</run_address>
         <size>0x86</size>
         <input_file_ref idref="fl-153"/>
      </object_component>
      <object_component id="oc-14e">
         <name>.text:__aeabi_cdrcmple</name>
         <load_address>0x77f8</load_address>
         <run_address>0x77f8</run_address>
         <size>0x86</size>
         <input_file_ref idref="fl-153"/>
      </object_component>
      <object_component id="oc-4c">
         <name>.text</name>
         <load_address>0x787e</load_address>
         <run_address>0x787e</run_address>
         <size>0x7a</size>
         <input_file_ref idref="fl-15b"/>
      </object_component>
      <object_component id="oc-5e">
         <name>.text</name>
         <load_address>0x78f8</load_address>
         <run_address>0x78f8</run_address>
         <size>0x6c</size>
         <input_file_ref idref="fl-16b"/>
      </object_component>
      <object_component id="oc-3f">
         <name>.text</name>
         <load_address>0x7964</load_address>
         <run_address>0x7964</run_address>
         <size>0x6a</size>
         <input_file_ref idref="fl-14f"/>
      </object_component>
      <object_component id="oc-31d">
         <name>.text:IntEnable</name>
         <load_address>0x79d0</load_address>
         <run_address>0x79d0</run_address>
         <size>0x68</size>
         <input_file_ref idref="fl-23"/>
      </object_component>
      <object_component id="oc-420">
         <name>.text</name>
         <load_address>0x7a38</load_address>
         <run_address>0x7a38</run_address>
         <size>0x66</size>
         <input_file_ref idref="fl-164"/>
      </object_component>
      <object_component id="oc-508">
         <name>.text</name>
         <load_address>0x7a9e</load_address>
         <run_address>0x7a9e</run_address>
         <size>0x56</size>
         <input_file_ref idref="fl-172"/>
      </object_component>
      <object_component id="oc-514">
         <name>.text</name>
         <load_address>0x7af4</load_address>
         <run_address>0x7af4</run_address>
         <size>0x52</size>
         <input_file_ref idref="fl-171"/>
      </object_component>
      <object_component id="oc-3e4">
         <name>.text:SysCtlPeripheralReset</name>
         <load_address>0x7b48</load_address>
         <run_address>0x7b48</run_address>
         <size>0x50</size>
         <input_file_ref idref="fl-26"/>
      </object_component>
      <object_component id="oc-24">
         <name>.text</name>
         <load_address>0x7b98</load_address>
         <run_address>0x7b98</run_address>
         <size>0x50</size>
         <input_file_ref idref="fl-14d"/>
      </object_component>
      <object_component id="oc-3ee">
         <name>.text:_TimerIntNumberGet</name>
         <load_address>0x7be8</load_address>
         <run_address>0x7be8</run_address>
         <size>0x4c</size>
         <input_file_ref idref="fl-28"/>
      </object_component>
      <object_component id="oc-52c">
         <name>.text</name>
         <load_address>0x7c34</load_address>
         <run_address>0x7c34</run_address>
         <size>0x4c</size>
         <input_file_ref idref="fl-16a"/>
      </object_component>
      <object_component id="oc-95">
         <name>.text</name>
         <load_address>0x7c80</load_address>
         <run_address>0x7c80</run_address>
         <size>0x4c</size>
         <input_file_ref idref="fl-16c"/>
      </object_component>
      <object_component id="oc-1e4">
         <name>.text</name>
         <load_address>0x7ccc</load_address>
         <run_address>0x7ccc</run_address>
         <size>0x4a</size>
         <input_file_ref idref="fl-157"/>
      </object_component>
      <object_component id="oc-200">
         <name>.text:GPIOPinConfigure</name>
         <load_address>0x7d18</load_address>
         <run_address>0x7d18</run_address>
         <size>0x48</size>
         <input_file_ref idref="fl-21"/>
      </object_component>
      <object_component id="oc-29a">
         <name>.text:I2CMasterInitExpClk</name>
         <load_address>0x7d60</load_address>
         <run_address>0x7d60</run_address>
         <size>0x48</size>
         <input_file_ref idref="fl-22"/>
      </object_component>
      <object_component id="oc-3a7">
         <name>.text:_QEIIntNumberGet</name>
         <load_address>0x7da8</load_address>
         <run_address>0x7da8</run_address>
         <size>0x48</size>
         <input_file_ref idref="fl-25"/>
      </object_component>
      <object_component id="oc-123">
         <name>.text</name>
         <load_address>0x7df0</load_address>
         <run_address>0x7df0</run_address>
         <size>0x48</size>
         <input_file_ref idref="fl-156"/>
      </object_component>
      <object_component id="oc-358">
         <name>.text</name>
         <load_address>0x7e38</load_address>
         <run_address>0x7e38</run_address>
         <size>0x48</size>
         <input_file_ref idref="fl-161"/>
      </object_component>
      <object_component id="oc-6a">
         <name>.text</name>
         <load_address>0x7e80</load_address>
         <run_address>0x7e80</run_address>
         <size>0x44</size>
         <input_file_ref idref="fl-151"/>
      </object_component>
      <object_component id="oc-311">
         <name>.text:UARTConfigSetExpClk</name>
         <load_address>0x7ec4</load_address>
         <run_address>0x7ec4</run_address>
         <size>0x42</size>
         <input_file_ref idref="fl-29"/>
      </object_component>
      <object_component id="oc-261">
         <name>.text</name>
         <load_address>0x7f06</load_address>
         <run_address>0x7f06</run_address>
         <size>0x42</size>
         <input_file_ref idref="fl-160"/>
      </object_component>
      <object_component id="oc-239">
         <name>.text:EEPROMInit</name>
         <load_address>0x7f48</load_address>
         <run_address>0x7f48</run_address>
         <size>0x40</size>
         <input_file_ref idref="fl-20"/>
      </object_component>
      <object_component id="oc-399">
         <name>.text:_GPIOIntNumberGet</name>
         <load_address>0x7f88</load_address>
         <run_address>0x7f88</run_address>
         <size>0x40</size>
         <input_file_ref idref="fl-21"/>
      </object_component>
      <object_component id="oc-458">
         <name>.text:_UARTIntNumberGet</name>
         <load_address>0x7fc8</load_address>
         <run_address>0x7fc8</run_address>
         <size>0x40</size>
         <input_file_ref idref="fl-29"/>
      </object_component>
      <object_component id="oc-5a1">
         <name>.text</name>
         <load_address>0x8008</load_address>
         <run_address>0x8008</run_address>
         <size>0x40</size>
         <input_file_ref idref="fl-175"/>
      </object_component>
      <object_component id="oc-1e9">
         <name>.text</name>
         <load_address>0x8048</load_address>
         <run_address>0x8048</run_address>
         <size>0x38</size>
         <input_file_ref idref="fl-158"/>
      </object_component>
      <object_component id="oc-389">
         <name>.text:IntRegister</name>
         <load_address>0x8080</load_address>
         <run_address>0x8080</run_address>
         <size>0x34</size>
         <input_file_ref idref="fl-23"/>
      </object_component>
      <object_component id="oc-17c">
         <name>.text:SysCtlPeripheralEnable</name>
         <load_address>0x80b4</load_address>
         <run_address>0x80b4</run_address>
         <size>0x34</size>
         <input_file_ref idref="fl-26"/>
      </object_component>
      <object_component id="oc-4db">
         <name>.text</name>
         <load_address>0x80e8</load_address>
         <run_address>0x80e8</run_address>
         <size>0x34</size>
         <input_file_ref idref="fl-16f"/>
      </object_component>
      <object_component id="oc-520">
         <name>.text</name>
         <load_address>0x811c</load_address>
         <run_address>0x811c</run_address>
         <size>0x30</size>
         <input_file_ref idref="fl-178"/>
      </object_component>
      <object_component id="oc-42c">
         <name>.text</name>
         <load_address>0x814c</load_address>
         <run_address>0x814c</run_address>
         <size>0x30</size>
         <input_file_ref idref="fl-165"/>
      </object_component>
      <object_component id="oc-128">
         <name>.text</name>
         <load_address>0x817c</load_address>
         <run_address>0x817c</run_address>
         <size>0x2e</size>
         <input_file_ref idref="fl-159"/>
      </object_component>
      <object_component id="oc-56d">
         <name>.text</name>
         <load_address>0x81aa</load_address>
         <run_address>0x81aa</run_address>
         <size>0x2e</size>
         <input_file_ref idref="fl-174"/>
      </object_component>
      <object_component id="oc-382">
         <name>.text:GPIODirModeSet</name>
         <load_address>0x81d8</load_address>
         <run_address>0x81d8</run_address>
         <size>0x2a</size>
         <input_file_ref idref="fl-21"/>
      </object_component>
      <object_component id="oc-50e">
         <name>.text</name>
         <load_address>0x8202</load_address>
         <run_address>0x8202</run_address>
         <size>0x2a</size>
         <input_file_ref idref="fl-170"/>
      </object_component>
      <object_component id="oc-20c">
         <name>.text:PWMGenConfigure</name>
         <load_address>0x822c</load_address>
         <run_address>0x822c</run_address>
         <size>0x22</size>
         <input_file_ref idref="fl-24"/>
      </object_component>
      <object_component id="oc-218">
         <name>.text:PWMPulseWidthSet</name>
         <load_address>0x824e</load_address>
         <run_address>0x824e</run_address>
         <size>0x1e</size>
         <input_file_ref idref="fl-24"/>
      </object_component>
      <object_component id="oc-188">
         <name>.text:SysTickIntRegister</name>
         <load_address>0x826c</load_address>
         <run_address>0x826c</run_address>
         <size>0x1c</size>
         <input_file_ref idref="fl-27"/>
      </object_component>
      <object_component id="oc-44a">
         <name>.text:UARTDisable</name>
         <load_address>0x8288</load_address>
         <run_address>0x8288</run_address>
         <size>0x1c</size>
         <input_file_ref idref="fl-29"/>
      </object_component>
      <object_component id="oc-526">
         <name>.text</name>
         <load_address>0x82a4</load_address>
         <run_address>0x82a4</run_address>
         <size>0x1c</size>
         <input_file_ref idref="fl-173"/>
      </object_component>
      <object_component id="oc-1a1">
         <name>.text:GPIOIntRegister</name>
         <load_address>0x82c0</load_address>
         <run_address>0x82c0</run_address>
         <size>0x18</size>
         <input_file_ref idref="fl-21"/>
      </object_component>
      <object_component id="oc-182">
         <name>.text:GPIOPinTypeGPIOOutput</name>
         <load_address>0x82d8</load_address>
         <run_address>0x82d8</run_address>
         <size>0x18</size>
         <input_file_ref idref="fl-21"/>
      </object_component>
      <object_component id="oc-1cb">
         <name>.text:QEIIntRegister</name>
         <load_address>0x82f0</load_address>
         <run_address>0x82f0</run_address>
         <size>0x18</size>
         <input_file_ref idref="fl-25"/>
      </object_component>
      <object_component id="oc-1fa">
         <name>.text:SysCtlPWMClockGet</name>
         <load_address>0x8308</load_address>
         <run_address>0x8308</run_address>
         <size>0x18</size>
         <input_file_ref idref="fl-26"/>
      </object_component>
      <object_component id="oc-24b">
         <name>.text:TimerIntRegister</name>
         <load_address>0x8320</load_address>
         <run_address>0x8320</run_address>
         <size>0x18</size>
         <input_file_ref idref="fl-28"/>
      </object_component>
      <object_component id="oc-317">
         <name>.text:UARTIntRegister</name>
         <load_address>0x8338</load_address>
         <run_address>0x8338</run_address>
         <size>0x18</size>
         <input_file_ref idref="fl-29"/>
      </object_component>
      <object_component id="oc-64">
         <name>.text</name>
         <load_address>0x8350</load_address>
         <run_address>0x8350</run_address>
         <size>0x18</size>
         <input_file_ref idref="fl-169"/>
      </object_component>
      <object_component id="oc-51a">
         <name>.text</name>
         <load_address>0x8368</load_address>
         <run_address>0x8368</run_address>
         <size>0x16</size>
         <input_file_ref idref="fl-176"/>
      </object_component>
      <object_component id="oc-1f4">
         <name>.text:SysCtlPWMClockSet</name>
         <load_address>0x8380</load_address>
         <run_address>0x8380</run_address>
         <size>0x14</size>
         <input_file_ref idref="fl-26"/>
      </object_component>
      <object_component id="oc-450">
         <name>.text:UARTEnable</name>
         <load_address>0x8394</load_address>
         <run_address>0x8394</run_address>
         <size>0x14</size>
         <input_file_ref idref="fl-29"/>
      </object_component>
      <object_component id="oc-161">
         <name>.text</name>
         <load_address>0x83a8</load_address>
         <run_address>0x83a8</run_address>
         <size>0x14</size>
         <input_file_ref idref="fl-167"/>
      </object_component>
      <object_component id="oc-35e">
         <name>.text</name>
         <load_address>0x83bc</load_address>
         <run_address>0x83bc</run_address>
         <size>0x14</size>
         <input_file_ref idref="fl-15f"/>
      </object_component>
      <object_component id="oc-294">
         <name>.text:GPIOPinTypeI2C</name>
         <load_address>0x83d0</load_address>
         <run_address>0x83d0</run_address>
         <size>0x12</size>
         <input_file_ref idref="fl-21"/>
      </object_component>
      <object_component id="oc-28e">
         <name>.text:GPIOPinTypeI2CSCL</name>
         <load_address>0x83e2</load_address>
         <run_address>0x83e2</run_address>
         <size>0x12</size>
         <input_file_ref idref="fl-21"/>
      </object_component>
      <object_component id="oc-206">
         <name>.text:GPIOPinTypePWM</name>
         <load_address>0x83f4</load_address>
         <run_address>0x83f4</run_address>
         <size>0x12</size>
         <input_file_ref idref="fl-21"/>
      </object_component>
      <object_component id="oc-30b">
         <name>.text:GPIOPinTypeUART</name>
         <load_address>0x8406</load_address>
         <run_address>0x8406</run_address>
         <size>0x12</size>
         <input_file_ref idref="fl-21"/>
      </object_component>
      <object_component id="oc-21e">
         <name>.text:PWMOutputState</name>
         <load_address>0x8418</load_address>
         <run_address>0x8418</run_address>
         <size>0x12</size>
         <input_file_ref idref="fl-24"/>
      </object_component>
      <object_component id="oc-194">
         <name>.text:IntMasterDisable</name>
         <load_address>0x842a</load_address>
         <run_address>0x842a</run_address>
         <size>0x10</size>
         <input_file_ref idref="fl-23"/>
      </object_component>
      <object_component id="oc-117">
         <name>.text:IntMasterEnable</name>
         <load_address>0x843a</load_address>
         <run_address>0x843a</run_address>
         <size>0x10</size>
         <input_file_ref idref="fl-23"/>
      </object_component>
      <object_component id="oc-212">
         <name>.text:PWMGenPeriodSet</name>
         <load_address>0x844a</load_address>
         <run_address>0x844a</run_address>
         <size>0x10</size>
         <input_file_ref idref="fl-24"/>
      </object_component>
      <object_component id="oc-3de">
         <name>.text:_EEPROMWaitForDone</name>
         <load_address>0x845c</load_address>
         <run_address>0x845c</run_address>
         <size>0x10</size>
         <input_file_ref idref="fl-20"/>
      </object_component>
      <object_component id="oc-1b3">
         <name>.text:GPIOIntStatus</name>
         <load_address>0x846c</load_address>
         <run_address>0x846c</run_address>
         <size>0xe</size>
         <input_file_ref idref="fl-21"/>
      </object_component>
      <object_component id="oc-33b">
         <name>.text:UARTCharPutNonBlocking</name>
         <load_address>0x847a</load_address>
         <run_address>0x847a</run_address>
         <size>0xe</size>
         <input_file_ref idref="fl-29"/>
      </object_component>
      <object_component id="oc-12">
         <name>.text:decompress:none</name>
         <load_address>0x8488</load_address>
         <run_address>0x8488</run_address>
         <size>0xe</size>
         <input_file_ref idref="fl-14e"/>
      </object_component>
      <object_component id="oc-392">
         <name>.text:CPUcpsid</name>
         <load_address>0x8496</load_address>
         <run_address>0x8496</run_address>
         <size>0xc</size>
         <input_file_ref idref="fl-2a"/>
      </object_component>
      <object_component id="oc-2d7">
         <name>.text:CPUcpsie</name>
         <load_address>0x84a2</load_address>
         <run_address>0x84a2</run_address>
         <size>0xc</size>
         <input_file_ref idref="fl-2a"/>
      </object_component>
      <object_component id="oc-1a7">
         <name>.text:GPIOIntEnable</name>
         <load_address>0x84ae</load_address>
         <run_address>0x84ae</run_address>
         <size>0xc</size>
         <input_file_ref idref="fl-21"/>
      </object_component>
      <object_component id="oc-e1">
         <name>.text:PWMGenDisable</name>
         <load_address>0x84ba</load_address>
         <run_address>0x84ba</run_address>
         <size>0xc</size>
         <input_file_ref idref="fl-24"/>
      </object_component>
      <object_component id="oc-18e">
         <name>.text:PWMGenEnable</name>
         <load_address>0x84c6</load_address>
         <run_address>0x84c6</run_address>
         <size>0xc</size>
         <input_file_ref idref="fl-24"/>
      </object_component>
      <object_component id="oc-347">
         <name>.text:UARTCharsAvail</name>
         <load_address>0x84d2</load_address>
         <run_address>0x84d2</run_address>
         <size>0xc</size>
         <input_file_ref idref="fl-29"/>
      </object_component>
      <object_component id="oc-329">
         <name>.text:UARTTxIntModeSet</name>
         <load_address>0x84de</load_address>
         <run_address>0x84de</run_address>
         <size>0xc</size>
         <input_file_ref idref="fl-29"/>
      </object_component>
      <object_component id="oc-1e">
         <name>.text:decompress:ZI</name>
         <load_address>0x84ea</load_address>
         <run_address>0x84ea</run_address>
         <size>0xc</size>
         <input_file_ref idref="fl-150"/>
      </object_component>
      <object_component id="oc-2a">
         <name>.text</name>
         <load_address>0x84f6</load_address>
         <run_address>0x84f6</run_address>
         <size>0xc</size>
         <input_file_ref idref="fl-6"/>
      </object_component>
      <object_component id="oc-1d8">
         <name>.text</name>
         <load_address>0x8502</load_address>
         <run_address>0x8502</run_address>
         <size>0xa</size>
         <input_file_ref idref="fl-9"/>
      </object_component>
      <object_component id="oc-411">
         <name>.text:I2CMasterEnable</name>
         <load_address>0x850c</load_address>
         <run_address>0x850c</run_address>
         <size>0xa</size>
         <input_file_ref idref="fl-22"/>
      </object_component>
      <object_component id="oc-341">
         <name>.text:UARTCharGet</name>
         <load_address>0x8516</load_address>
         <run_address>0x8516</run_address>
         <size>0xa</size>
         <input_file_ref idref="fl-29"/>
      </object_component>
      <object_component id="oc-32f">
         <name>.text:UARTIntStatus</name>
         <load_address>0x8520</load_address>
         <run_address>0x8520</run_address>
         <size>0xa</size>
         <input_file_ref idref="fl-29"/>
      </object_component>
      <object_component id="oc-2b2">
         <name>.text:I2CMasterBusy</name>
         <load_address>0x852a</load_address>
         <run_address>0x852a</run_address>
         <size>0x8</size>
         <input_file_ref idref="fl-22"/>
      </object_component>
      <object_component id="oc-2a0">
         <name>.text:I2CMasterSlaveAddrSet</name>
         <load_address>0x8532</load_address>
         <run_address>0x8532</run_address>
         <size>0x8</size>
         <input_file_ref idref="fl-22"/>
      </object_component>
      <object_component id="oc-323">
         <name>.text:UARTIntEnable</name>
         <load_address>0x853a</load_address>
         <run_address>0x853a</run_address>
         <size>0x8</size>
         <input_file_ref idref="fl-29"/>
      </object_component>
      <object_component id="oc-1ad">
         <name>.text:GPIOIntClear</name>
         <load_address>0x8542</load_address>
         <run_address>0x8542</run_address>
         <size>0x6</size>
         <input_file_ref idref="fl-21"/>
      </object_component>
      <object_component id="oc-e7">
         <name>.text:GPIOPinWrite</name>
         <load_address>0x8548</load_address>
         <run_address>0x8548</run_address>
         <size>0x6</size>
         <input_file_ref idref="fl-21"/>
      </object_component>
      <object_component id="oc-28d">
         <name>.text:SysCtlDelay</name>
         <load_address>0x854e</load_address>
         <run_address>0x854e</run_address>
         <size>0x6</size>
         <input_file_ref idref="fl-26"/>
      </object_component>
      <object_component id="oc-18">
         <name>.text:decompress:rle24</name>
         <load_address>0x8554</load_address>
         <run_address>0x8554</run_address>
         <size>0x6</size>
         <input_file_ref idref="fl-14f"/>
      </object_component>
      <object_component id="oc-2ac">
         <name>.text:I2CMasterControl</name>
         <load_address>0x855a</load_address>
         <run_address>0x855a</run_address>
         <size>0x4</size>
         <input_file_ref idref="fl-22"/>
      </object_component>
      <object_component id="oc-2b8">
         <name>.text:I2CMasterDataGet</name>
         <load_address>0x855e</load_address>
         <run_address>0x855e</run_address>
         <size>0x4</size>
         <input_file_ref idref="fl-22"/>
      </object_component>
      <object_component id="oc-2a6">
         <name>.text:I2CMasterDataPut</name>
         <load_address>0x8562</load_address>
         <run_address>0x8562</run_address>
         <size>0x4</size>
         <input_file_ref idref="fl-22"/>
      </object_component>
      <object_component id="oc-335">
         <name>.text:UARTIntClear</name>
         <load_address>0x8566</load_address>
         <run_address>0x8566</run_address>
         <size>0x4</size>
         <input_file_ref idref="fl-29"/>
      </object_component>
      <object_component id="oc-58">
         <name>.text</name>
         <load_address>0x856a</load_address>
         <run_address>0x856a</run_address>
         <size>0x4</size>
         <input_file_ref idref="fl-15c"/>
      </object_component>
      <object_component id="oc-25e">
         <name>.const:ASCII</name>
         <load_address>0x8570</load_address>
         <run_address>0x8570</run_address>
         <size>0x240</size>
         <input_file_ref idref="fl-12"/>
      </object_component>
      <object_component id="oc-58f">
         <name>.const:.string:_ctypes_</name>
         <load_address>0x87b0</load_address>
         <run_address>0x87b0</run_address>
         <size>0x101</size>
         <input_file_ref idref="fl-16d"/>
      </object_component>
      <object_component id="oc-492">
         <name>.const:g_ppui32GPIOIntMapBlizzard</name>
         <load_address>0x88b4</load_address>
         <run_address>0x88b4</run_address>
         <size>0xc0</size>
         <input_file_ref idref="fl-21"/>
      </object_component>
      <object_component id="oc-495">
         <name>.const:g_ppui32GPIOIntMapSnowflake</name>
         <load_address>0x8974</load_address>
         <run_address>0x8974</run_address>
         <size>0xc0</size>
         <input_file_ref idref="fl-21"/>
      </object_component>
      <object_component id="oc-3cb">
         <name>.const:g_pui32GPIOBaseAddrs</name>
         <load_address>0x8a34</load_address>
         <run_address>0x8a34</run_address>
         <size>0x90</size>
         <input_file_ref idref="fl-21"/>
      </object_component>
      <object_component id="oc-269">
         <name>.const</name>
         <load_address>0x8ac4</load_address>
         <run_address>0x8ac4</run_address>
         <size>0x4</size>
         <input_file_ref idref="fl-12"/>
      </object_component>
      <object_component id="oc-4ec">
         <name>.const</name>
         <load_address>0x8ac8</load_address>
         <run_address>0x8ac8</run_address>
         <size>0x88</size>
         <input_file_ref idref="fl-162"/>
      </object_component>
      <object_component id="oc-45f">
         <name>.const</name>
         <load_address>0x8b50</load_address>
         <run_address>0x8b50</run_address>
         <size>0x70</size>
         <input_file_ref idref="fl-23"/>
      </object_component>
      <object_component id="oc-231">
         <name>.const:g_pui32Xtals</name>
         <load_address>0x8bc0</load_address>
         <run_address>0x8bc0</run_address>
         <size>0x6c</size>
         <input_file_ref idref="fl-26"/>
      </object_component>
      <object_component id="oc-4be">
         <name>.const:g_ppui32TimerIntMap</name>
         <load_address>0x8c2c</load_address>
         <run_address>0x8c2c</run_address>
         <size>0x60</size>
         <input_file_ref idref="fl-28"/>
      </object_component>
      <object_component id="oc-4c1">
         <name>.const:g_ppui32TimerIntMapSnowflake</name>
         <load_address>0x8c8c</load_address>
         <run_address>0x8c8c</run_address>
         <size>0x40</size>
         <input_file_ref idref="fl-28"/>
      </object_component>
      <object_component id="oc-4f8">
         <name>.const:g_ppui32UARTIntMap</name>
         <load_address>0x8ccc</load_address>
         <run_address>0x8ccc</run_address>
         <size>0x40</size>
         <input_file_ref idref="fl-29"/>
      </object_component>
      <object_component id="oc-4fb">
         <name>.const:g_ppui32UARTIntMapSnowflake</name>
         <load_address>0x8d0c</load_address>
         <run_address>0x8d0c</run_address>
         <size>0x40</size>
         <input_file_ref idref="fl-29"/>
      </object_component>
      <object_component id="oc-400">
         <name>.const:.string</name>
         <load_address>0x8d4c</load_address>
         <run_address>0x8d4c</run_address>
         <size>0x12</size>
         <input_file_ref idref="fl-12"/>
      </object_component>
      <object_component id="oc-54d">
         <name>.const</name>
         <load_address>0x8d60</load_address>
         <run_address>0x8d60</run_address>
         <size>0x4</size>
         <input_file_ref idref="fl-d"/>
      </object_component>
      <object_component id="oc-603">
         <name>.cinit..data.load</name>
         <load_address>0x8d68</load_address>
         <run_address>0x8d68</run_address>
         <size>0x121</size>
      </object_component>
      <object_component id="oc-600">
         <name>__TI_handler_table</name>
         <load_address>0x8e8c</load_address>
         <run_address>0x8e8c</run_address>
         <size>0xc</size>
      </object_component>
      <object_component id="oc-604">
         <name>.cinit..bss.load</name>
         <load_address>0x8e98</load_address>
         <run_address>0x8e98</run_address>
         <size>0x8</size>
      </object_component>
      <object_component id="oc-602">
         <name>.cinit..vtable.load</name>
         <load_address>0x8ea0</load_address>
         <run_address>0x8ea0</run_address>
         <size>0x8</size>
      </object_component>
      <object_component id="oc-601">
         <name>__TI_cinit_table</name>
         <load_address>0x8ea8</load_address>
         <run_address>0x8ea8</run_address>
         <size>0x18</size>
      </object_component>
      <object_component id="oc-48b">
         <name>.vtable</name>
         <uninitialized>true</uninitialized>
         <run_address>0x20000000</run_address>
         <size>0x26c</size>
         <input_file_ref idref="fl-23"/>
      </object_component>
      <object_component id="oc-29">
         <name>.stack</name>
         <uninitialized>true</uninitialized>
         <run_address>0x20000ff4</run_address>
         <size>0x0</size>
         <input_file_ref idref="fl-14d"/>
      </object_component>
      <object_component id="oc-605">
         <name>.stack</name>
         <uninitialized>true</uninitialized>
         <run_address>0x20000ff4</run_address>
         <size>0x0</size>
      </object_component>
      <object_component id="oc-251">
         <name>.bss:timer_event_list</name>
         <uninitialized>true</uninitialized>
         <run_address>0x20000e28</run_address>
         <size>0x50</size>
         <input_file_ref idref="fl-8"/>
      </object_component>
      <object_component id="oc-27b">
         <name>.bss:rcvMsg</name>
         <uninitialized>true</uninitialized>
         <run_address>0x20000eac</run_address>
         <size>0x34</size>
         <input_file_ref idref="fl-14"/>
      </object_component>
      <object_component id="oc-27e">
         <name>.bss:sendMsg</name>
         <uninitialized>true</uninitialized>
         <run_address>0x20000ee0</run_address>
         <size>0x34</size>
         <input_file_ref idref="fl-14"/>
      </object_component>
      <object_component id="oc-284">
         <name>.bss:data</name>
         <uninitialized>true</uninitialized>
         <run_address>0x20000e78</run_address>
         <size>0x34</size>
         <input_file_ref idref="fl-14"/>
      </object_component>
      <object_component id="oc-365">
         <name>.bss:rxBuffer</name>
         <uninitialized>true</uninitialized>
         <run_address>0x20000270</run_address>
         <size>0x5dc</size>
         <input_file_ref idref="fl-18"/>
      </object_component>
      <object_component id="oc-351">
         <name>.bss:txBuffer</name>
         <uninitialized>true</uninitialized>
         <run_address>0x2000084c</run_address>
         <size>0x5dc</size>
         <input_file_ref idref="fl-18"/>
      </object_component>
      <object_component id="oc-25c">
         <name>.common:ui8ServoStatus</name>
         <uninitialized>true</uninitialized>
         <run_address>0x20000ff3</run_address>
         <size>0x1</size>
      </object_component>
      <object_component id="oc-256">
         <name>.common:ui32ServoPeriod</name>
         <uninitialized>true</uninitialized>
         <run_address>0x20000fc0</run_address>
         <size>0x4</size>
      </object_component>
      <object_component id="oc-19a">
         <name>.common:LED_Status$1</name>
         <uninitialized>true</uninitialized>
         <run_address>0x20000fec</run_address>
         <size>0x1</size>
      </object_component>
      <object_component id="oc-13f">
         <name>.common:accaxisX</name>
         <uninitialized>true</uninitialized>
         <run_address>0x20000fd8</run_address>
         <size>0x2</size>
      </object_component>
      <object_component id="oc-145">
         <name>.common:accaxisY</name>
         <uninitialized>true</uninitialized>
         <run_address>0x20000fda</run_address>
         <size>0x2</size>
      </object_component>
      <object_component id="oc-146">
         <name>.common:accaxisZ</name>
         <uninitialized>true</uninitialized>
         <run_address>0x20000fdc</run_address>
         <size>0x2</size>
      </object_component>
      <object_component id="oc-2d4">
         <name>.common:gyroaxisX</name>
         <uninitialized>true</uninitialized>
         <run_address>0x20000fde</run_address>
         <size>0x2</size>
      </object_component>
      <object_component id="oc-147">
         <name>.common:gyroaxisY</name>
         <uninitialized>true</uninitialized>
         <run_address>0x20000fe0</run_address>
         <size>0x2</size>
      </object_component>
      <object_component id="oc-2d5">
         <name>.common:gyroaxisZ</name>
         <uninitialized>true</uninitialized>
         <run_address>0x20000fe2</run_address>
         <size>0x2</size>
      </object_component>
      <object_component id="oc-4ac">
         <name>.common:rtInf</name>
         <uninitialized>true</uninitialized>
         <run_address>0x20000f78</run_address>
         <size>0x8</size>
      </object_component>
      <object_component id="oc-4ae">
         <name>.common:rtMinusInf</name>
         <uninitialized>true</uninitialized>
         <run_address>0x20000f80</run_address>
         <size>0x8</size>
      </object_component>
      <object_component id="oc-4a8">
         <name>.common:rtNaN</name>
         <uninitialized>true</uninitialized>
         <run_address>0x20000f88</run_address>
         <size>0x8</size>
      </object_component>
      <object_component id="oc-4ad">
         <name>.common:rtInfF</name>
         <uninitialized>true</uninitialized>
         <run_address>0x20000fb4</run_address>
         <size>0x4</size>
      </object_component>
      <object_component id="oc-4af">
         <name>.common:rtMinusInfF</name>
         <uninitialized>true</uninitialized>
         <run_address>0x20000fb8</run_address>
         <size>0x4</size>
      </object_component>
      <object_component id="oc-4ab">
         <name>.common:rtNaNF</name>
         <uninitialized>true</uninitialized>
         <run_address>0x20000fbc</run_address>
         <size>0x4</size>
      </object_component>
      <object_component id="oc-227">
         <name>.common:Theta</name>
         <uninitialized>true</uninitialized>
         <run_address>0x20000f18</run_address>
         <size>0x20</size>
      </object_component>
      <object_component id="oc-22a">
         <name>.common:Theta2</name>
         <uninitialized>true</uninitialized>
         <run_address>0x20000f38</run_address>
         <size>0x20</size>
      </object_component>
      <object_component id="oc-1d4">
         <name>.common:qei_velocity_timeout</name>
         <uninitialized>true</uninitialized>
         <run_address>0x20000fb0</run_address>
         <size>0x4</size>
      </object_component>
      <object_component id="oc-267">
         <name>.common:ulPos$1</name>
         <uninitialized>true</uninitialized>
         <run_address>0x20000fcc</run_address>
         <size>0x4</size>
      </object_component>
      <object_component id="oc-266">
         <name>.common:ulCount$2</name>
         <uninitialized>true</uninitialized>
         <run_address>0x20000fc4</run_address>
         <size>0x4</size>
      </object_component>
      <object_component id="oc-268">
         <name>.common:ulNeg$3</name>
         <uninitialized>true</uninitialized>
         <run_address>0x20000fc8</run_address>
         <size>0x4</size>
      </object_component>
      <object_component id="oc-2ff">
         <name>.common:yX</name>
         <uninitialized>true</uninitialized>
         <run_address>0x20000fd0</run_address>
         <size>0x4</size>
      </object_component>
      <object_component id="oc-302">
         <name>.common:SX</name>
         <uninitialized>true</uninitialized>
         <run_address>0x20000fa4</run_address>
         <size>0x4</size>
      </object_component>
      <object_component id="oc-303">
         <name>.common:KX_0</name>
         <uninitialized>true</uninitialized>
         <run_address>0x20000f94</run_address>
         <size>0x4</size>
      </object_component>
      <object_component id="oc-304">
         <name>.common:KX_1</name>
         <uninitialized>true</uninitialized>
         <run_address>0x20000f98</run_address>
         <size>0x4</size>
      </object_component>
      <object_component id="oc-305">
         <name>.common:yY</name>
         <uninitialized>true</uninitialized>
         <run_address>0x20000fd4</run_address>
         <size>0x4</size>
      </object_component>
      <object_component id="oc-306">
         <name>.common:SY</name>
         <uninitialized>true</uninitialized>
         <run_address>0x20000fa8</run_address>
         <size>0x4</size>
      </object_component>
      <object_component id="oc-307">
         <name>.common:KY_0</name>
         <uninitialized>true</uninitialized>
         <run_address>0x20000f9c</run_address>
         <size>0x4</size>
      </object_component>
      <object_component id="oc-308">
         <name>.common:KY_1</name>
         <uninitialized>true</uninitialized>
         <run_address>0x20000fa0</run_address>
         <size>0x4</size>
      </object_component>
      <object_component id="oc-281">
         <name>.common:len</name>
         <uninitialized>true</uninitialized>
         <run_address>0x20000fac</run_address>
         <size>0x4</size>
      </object_component>
      <object_component id="oc-1b9">
         <name>.common:Button_right_callback</name>
         <uninitialized>true</uninitialized>
         <run_address>0x20000f90</run_address>
         <size>0x4</size>
      </object_component>
      <object_component id="oc-1bc">
         <name>.common:Button_left_callback</name>
         <uninitialized>true</uninitialized>
         <run_address>0x20000f14</run_address>
         <size>0x4</size>
      </object_component>
      <object_component id="oc-357">
         <name>.common:rxHead</name>
         <uninitialized>true</uninitialized>
         <run_address>0x20000fe4</run_address>
         <size>0x2</size>
      </object_component>
      <object_component id="oc-364">
         <name>.common:rxTail</name>
         <uninitialized>true</uninitialized>
         <run_address>0x20000fe6</run_address>
         <size>0x2</size>
      </object_component>
      <object_component id="oc-350">
         <name>.common:txHead</name>
         <uninitialized>true</uninitialized>
         <run_address>0x20000fe8</run_address>
         <size>0x2</size>
      </object_component>
      <object_component id="oc-34d">
         <name>.common:txTail</name>
         <uninitialized>true</uninitialized>
         <run_address>0x20000fea</run_address>
         <size>0x2</size>
      </object_component>
      <object_component id="oc-369">
         <name>.common:hc05_SystemInfoType</name>
         <uninitialized>true</uninitialized>
         <run_address>0x20000fef</run_address>
         <size>0x1</size>
      </object_component>
      <object_component id="oc-36a">
         <name>.common:hc05_SystemInfoID</name>
         <uninitialized>true</uninitialized>
         <run_address>0x20000fee</run_address>
         <size>0x1</size>
      </object_component>
      <object_component id="oc-36f">
         <name>.common:hc05_Timer_ID</name>
         <uninitialized>true</uninitialized>
         <run_address>0x20000ff0</run_address>
         <size>0x1</size>
      </object_component>
      <object_component id="oc-36e">
         <name>.common:hc05_EvtQueue</name>
         <uninitialized>true</uninitialized>
         <run_address>0x20000f6c</run_address>
         <size>0xc</size>
      </object_component>
      <object_component id="oc-36d">
         <name>.common:hc05_evt_w_index</name>
         <uninitialized>true</uninitialized>
         <run_address>0x20000ff2</run_address>
         <size>0x1</size>
      </object_component>
      <object_component id="oc-36c">
         <name>.common:hc05_evt_r_index</name>
         <uninitialized>true</uninitialized>
         <run_address>0x20000ff1</run_address>
         <size>0x1</size>
      </object_component>
      <object_component id="oc-36b">
         <name>.common:hc05_IsEvtQueueFull</name>
         <uninitialized>true</uninitialized>
         <run_address>0x20000fed</run_address>
         <size>0x1</size>
      </object_component>
      <object_component id="oc-368">
         <name>.common:HC05_Notify_Callbacks</name>
         <uninitialized>true</uninitialized>
         <run_address>0x20000f58</run_address>
         <size>0x14</size>
      </object_component>
      <object_component id="oc-259">
         <name>.data</name>
         <load_address>0x20001c7a</load_address>
         <run_address>0x20001c7a</run_address>
         <size>0x1</size>
         <input_file_ref idref="fl-2"/>
      </object_component>
      <object_component id="oc-13c">
         <name>.data</name>
         <load_address>0x20001c30</load_address>
         <run_address>0x20001c30</run_address>
         <size>0x14</size>
         <input_file_ref idref="fl-3"/>
      </object_component>
      <object_component id="oc-133">
         <name>.data</name>
         <load_address>0x20001a84</load_address>
         <run_address>0x20001a84</run_address>
         <size>0x48</size>
         <input_file_ref idref="fl-4"/>
      </object_component>
      <object_component id="oc-142">
         <name>.data</name>
         <load_address>0x20001bf0</load_address>
         <run_address>0x20001bf0</run_address>
         <size>0x24</size>
         <input_file_ref idref="fl-5"/>
      </object_component>
      <object_component id="oc-3ba">
         <name>.data</name>
         <load_address>0x20001bc0</load_address>
         <run_address>0x20001bc0</run_address>
         <size>0x30</size>
         <input_file_ref idref="fl-a"/>
      </object_component>
      <object_component id="oc-3c4">
         <name>.data</name>
         <load_address>0x20001b10</load_address>
         <run_address>0x20001b10</run_address>
         <size>0x40</size>
         <input_file_ref idref="fl-b"/>
      </object_component>
      <object_component id="oc-3c5">
         <name>.data:P_$3</name>
         <load_address>0x200018a8</load_address>
         <run_address>0x200018a8</run_address>
         <size>0x80</size>
         <input_file_ref idref="fl-b"/>
      </object_component>
      <object_component id="oc-3c6">
         <name>.data:P_$6</name>
         <load_address>0x20001928</load_address>
         <run_address>0x20001928</run_address>
         <size>0x80</size>
         <input_file_ref idref="fl-b"/>
      </object_component>
      <object_component id="oc-224">
         <name>.data</name>
         <load_address>0x20001a28</load_address>
         <run_address>0x20001a28</run_address>
         <size>0x5c</size>
         <input_file_ref idref="fl-f"/>
      </object_component>
      <object_component id="oc-1d1">
         <name>.data</name>
         <load_address>0x20001c50</load_address>
         <run_address>0x20001c50</run_address>
         <size>0x8</size>
         <input_file_ref idref="fl-10"/>
      </object_component>
      <object_component id="oc-136">
         <name>.data:PID_Small_Angle</name>
         <load_address>0x20001b88</load_address>
         <run_address>0x20001b88</run_address>
         <size>0x38</size>
         <input_file_ref idref="fl-11"/>
      </object_component>
      <object_component id="oc-139">
         <name>.data:PID_Big_Angle</name>
         <load_address>0x20001b50</load_address>
         <run_address>0x20001b50</run_address>
         <size>0x38</size>
         <input_file_ref idref="fl-11"/>
      </object_component>
      <object_component id="oc-2fc">
         <name>.data</name>
         <load_address>0x20001acc</load_address>
         <run_address>0x20001acc</run_address>
         <size>0x40</size>
         <input_file_ref idref="fl-13"/>
      </object_component>
      <object_component id="oc-278">
         <name>.data</name>
         <load_address>0x20001c44</load_address>
         <run_address>0x20001c44</run_address>
         <size>0xc</size>
         <input_file_ref idref="fl-14"/>
      </object_component>
      <object_component id="oc-2e7">
         <name>.data</name>
         <load_address>0x20001c14</load_address>
         <run_address>0x20001c14</run_address>
         <size>0x1c</size>
         <input_file_ref idref="fl-16"/>
      </object_component>
      <object_component id="oc-1bd">
         <name>.data</name>
         <load_address>0x20001c78</load_address>
         <run_address>0x20001c78</run_address>
         <size>0x2</size>
         <input_file_ref idref="fl-17"/>
      </object_component>
      <object_component id="oc-354">
         <name>.data</name>
         <load_address>0x20001b0c</load_address>
         <run_address>0x20001b0c</run_address>
         <size>0x4</size>
         <input_file_ref idref="fl-18"/>
      </object_component>
      <object_component id="oc-a8">
         <name>.data</name>
         <load_address>0x20001c60</load_address>
         <run_address>0x20001c60</run_address>
         <size>0x8</size>
         <input_file_ref idref="fl-151"/>
      </object_component>
      <object_component id="oc-70">
         <name>.data</name>
         <load_address>0x20001c74</load_address>
         <run_address>0x20001c74</run_address>
         <size>0x4</size>
         <input_file_ref idref="fl-15e"/>
      </object_component>
      <object_component id="oc-432">
         <name>.data</name>
         <load_address>0x200019a8</load_address>
         <run_address>0x200019a8</run_address>
         <size>0x80</size>
         <input_file_ref idref="fl-166"/>
      </object_component>
      <object_component id="oc-a5">
         <name>.data</name>
         <load_address>0x20001c58</load_address>
         <run_address>0x20001c58</run_address>
         <size>0x8</size>
         <input_file_ref idref="fl-167"/>
      </object_component>
      <object_component id="oc-4e1">
         <name>.data</name>
         <load_address>0x20001c70</load_address>
         <run_address>0x20001c70</run_address>
         <size>0x4</size>
         <input_file_ref idref="fl-16e"/>
      </object_component>
      <object_component id="oc-573">
         <name>.data</name>
         <load_address>0x20001c68</load_address>
         <run_address>0x20001c68</run_address>
         <size>0x8</size>
         <input_file_ref idref="fl-16f"/>
      </object_component>
      <object_component id="oc-5cb">
         <name>.data:sigtable</name>
         <load_address>0x200017f8</load_address>
         <run_address>0x200017f8</run_address>
         <size>0xb0</size>
         <input_file_ref idref="fl-175"/>
      </object_component>
      <object_component id="oc-257">
         <name>.debug_info</name>
         <load_address>0x0</load_address>
         <run_address>0x0</run_address>
         <size>0x416</size>
         <input_file_ref idref="fl-2"/>
      </object_component>
      <object_component id="oc-25a">
         <name>.debug_info</name>
         <load_address>0x416</load_address>
         <run_address>0x416</run_address>
         <size>0xcb</size>
         <input_file_ref idref="fl-2"/>
      </object_component>
      <object_component id="oc-100">
         <name>.debug_info</name>
         <load_address>0x4e1</load_address>
         <run_address>0x4e1</run_address>
         <size>0x3ef</size>
         <input_file_ref idref="fl-2"/>
      </object_component>
      <object_component id="oc-26d">
         <name>.debug_info</name>
         <load_address>0x8d0</load_address>
         <run_address>0x8d0</run_address>
         <size>0x5a</size>
         <input_file_ref idref="fl-2"/>
      </object_component>
      <object_component id="oc-19c">
         <name>.debug_info</name>
         <load_address>0x92a</load_address>
         <run_address>0x92a</run_address>
         <size>0xab</size>
         <input_file_ref idref="fl-2"/>
      </object_component>
      <object_component id="oc-371">
         <name>.debug_info</name>
         <load_address>0x9d5</load_address>
         <run_address>0x9d5</run_address>
         <size>0x14a</size>
         <input_file_ref idref="fl-2"/>
      </object_component>
      <object_component id="oc-288">
         <name>.debug_info</name>
         <load_address>0xb1f</load_address>
         <run_address>0xb1f</run_address>
         <size>0x63</size>
         <input_file_ref idref="fl-2"/>
      </object_component>
      <object_component id="oc-1c1">
         <name>.debug_info</name>
         <load_address>0xb82</load_address>
         <run_address>0xb82</run_address>
         <size>0x51</size>
         <input_file_ref idref="fl-2"/>
      </object_component>
      <object_component id="oc-22c">
         <name>.debug_info</name>
         <load_address>0xbd3</load_address>
         <run_address>0xbd3</run_address>
         <size>0x48</size>
         <input_file_ref idref="fl-2"/>
      </object_component>
      <object_component id="oc-2ef">
         <name>.debug_info</name>
         <load_address>0xc1b</load_address>
         <run_address>0xc1b</run_address>
         <size>0x112</size>
         <input_file_ref idref="fl-2"/>
      </object_component>
      <object_component id="oc-3bc">
         <name>.debug_info</name>
         <load_address>0xd2d</load_address>
         <run_address>0xd2d</run_address>
         <size>0x326</size>
         <input_file_ref idref="fl-2"/>
      </object_component>
      <object_component id="oc-556">
         <name>.debug_info</name>
         <load_address>0x1053</load_address>
         <run_address>0x1053</run_address>
         <size>0x136</size>
         <input_file_ref idref="fl-2"/>
      </object_component>
      <object_component id="oc-b0">
         <name>.debug_info</name>
         <load_address>0x1189</load_address>
         <run_address>0x1189</run_address>
         <size>0x8b</size>
         <input_file_ref idref="fl-2"/>
      </object_component>
      <object_component id="oc-1c6">
         <name>.debug_info</name>
         <load_address>0x1214</load_address>
         <run_address>0x1214</run_address>
         <size>0x39</size>
         <input_file_ref idref="fl-2"/>
      </object_component>
      <object_component id="oc-7c">
         <name>.debug_info</name>
         <load_address>0x124d</load_address>
         <run_address>0x124d</run_address>
         <size>0x18b</size>
         <input_file_ref idref="fl-2"/>
      </object_component>
      <object_component id="oc-8c">
         <name>.debug_info</name>
         <load_address>0x13d8</load_address>
         <run_address>0x13d8</run_address>
         <size>0x2c</size>
         <input_file_ref idref="fl-2"/>
      </object_component>
      <object_component id="oc-273">
         <name>.debug_info</name>
         <load_address>0x1404</load_address>
         <run_address>0x1404</run_address>
         <size>0x4e</size>
         <input_file_ref idref="fl-2"/>
      </object_component>
      <object_component id="oc-13d">
         <name>.debug_info</name>
         <load_address>0x1452</load_address>
         <run_address>0x1452</run_address>
         <size>0x182</size>
         <input_file_ref idref="fl-3"/>
      </object_component>
      <object_component id="oc-c4">
         <name>.debug_info</name>
         <load_address>0x15d4</load_address>
         <run_address>0x15d4</run_address>
         <size>0xa9f</size>
         <input_file_ref idref="fl-3"/>
      </object_component>
      <object_component id="oc-134">
         <name>.debug_info</name>
         <load_address>0x2073</load_address>
         <run_address>0x2073</run_address>
         <size>0x388</size>
         <input_file_ref idref="fl-4"/>
      </object_component>
      <object_component id="oc-9e">
         <name>.debug_info</name>
         <load_address>0x23fb</load_address>
         <run_address>0x23fb</run_address>
         <size>0x8e3</size>
         <input_file_ref idref="fl-4"/>
      </object_component>
      <object_component id="oc-140">
         <name>.debug_info</name>
         <load_address>0x2cde</load_address>
         <run_address>0x2cde</run_address>
         <size>0x5a3</size>
         <input_file_ref idref="fl-5"/>
      </object_component>
      <object_component id="oc-143">
         <name>.debug_info</name>
         <load_address>0x3281</load_address>
         <run_address>0x3281</run_address>
         <size>0x2c6</size>
         <input_file_ref idref="fl-5"/>
      </object_component>
      <object_component id="oc-112">
         <name>.debug_info</name>
         <load_address>0x3547</load_address>
         <run_address>0x3547</run_address>
         <size>0x10c3</size>
[...]
         <value>0x8407</value>
         <object_component_ref idref="oc-30b"/>
      </symbol>
      <symbol id="sm-826">
         <name>GPIOIntStatus</name>
         <value>0x846d</value>
         <object_component_ref idref="oc-1b3"/>
      </symbol>
      <symbol id="sm-827">
         <name>GPIOPinTypeGPIOOutput</name>
         <value>0x82d9</value>
         <object_component_ref idref="oc-182"/>
      </symbol>
      <symbol id="sm-828">
         <name>GPIODirModeSet</name>
         <value>0x81d9</value>
         <object_component_ref idref="oc-382"/>
      </symbol>
      <symbol id="sm-829">
         <name>GPIOPinWrite</name>
         <value>0x8549</value>
         <object_component_ref idref="oc-e7"/>
      </symbol>
      <symbol id="sm-82a">
         <name>GPIOPadConfigSet</name>
         <value>0x6ee3</value>
         <object_component_ref idref="oc-37c"/>
      </symbol>
      <symbol id="sm-86c">
         <name>I2CMasterDataPut</name>
         <value>0x8563</value>
         <object_component_ref idref="oc-2a6"/>
      </symbol>
      <symbol id="sm-86d">
         <name>I2CMasterInitExpClk</name>
         <value>0x7d61</value>
         <object_component_ref idref="oc-29a"/>
      </symbol>
      <symbol id="sm-86e">
         <name>I2CMasterSlaveAddrSet</name>
         <value>0x8533</value>
         <object_component_ref idref="oc-2a0"/>
      </symbol>
      <symbol id="sm-86f">
         <name>I2CMasterDataGet</name>
         <value>0x855f</value>
         <object_component_ref idref="oc-2b8"/>
      </symbol>
      <symbol id="sm-870">
         <name>I2CMasterControl</name>
         <value>0x855b</value>
         <object_component_ref idref="oc-2ac"/>
      </symbol>
      <symbol id="sm-871">
         <name>I2CMasterBusy</name>
         <value>0x852b</value>
         <object_component_ref idref="oc-2b2"/>
      </symbol>
      <symbol id="sm-872">
         <name>I2CMasterEnable</name>
         <value>0x850d</value>
         <object_component_ref idref="oc-411"/>
      </symbol>
      <symbol id="sm-8bd">
         <name>IntEnable</name>
         <value>0x79d1</value>
         <object_component_ref idref="oc-31d"/>
      </symbol>
      <symbol id="sm-8be">
         <name>IntRegister</name>
         <value>0x8081</value>
         <object_component_ref idref="oc-389"/>
      </symbol>
      <symbol id="sm-8bf">
         <name>IntMasterDisable</name>
         <value>0x842b</value>
         <object_component_ref idref="oc-194"/>
      </symbol>
      <symbol id="sm-8c0">
         <name>g_pfnRAMVectors</name>
         <value>0x20000000</value>
         <object_component_ref idref="oc-48b"/>
      </symbol>
      <symbol id="sm-8c1">
         <name>IntMasterEnable</name>
         <value>0x843b</value>
         <object_component_ref idref="oc-117"/>
      </symbol>
      <symbol id="sm-8f6">
         <name>PWMGenPeriodSet</name>
         <value>0x844b</value>
         <object_component_ref idref="oc-212"/>
      </symbol>
      <symbol id="sm-8f7">
         <name>PWMGenDisable</name>
         <value>0x84bb</value>
         <object_component_ref idref="oc-e1"/>
      </symbol>
      <symbol id="sm-8f8">
         <name>PWMPulseWidthSet</name>
         <value>0x824f</value>
         <object_component_ref idref="oc-218"/>
      </symbol>
      <symbol id="sm-8f9">
         <name>PWMOutputState</name>
         <value>0x8419</value>
         <object_component_ref idref="oc-21e"/>
      </symbol>
      <symbol id="sm-8fa">
         <name>PWMGenEnable</name>
         <value>0x84c7</value>
         <object_component_ref idref="oc-18e"/>
      </symbol>
      <symbol id="sm-8fb">
         <name>PWMGenConfigure</name>
         <value>0x822d</value>
         <object_component_ref idref="oc-20c"/>
      </symbol>
      <symbol id="sm-91a">
         <name>QEIIntRegister</name>
         <value>0x82f1</value>
         <object_component_ref idref="oc-1cb"/>
      </symbol>
      <symbol id="sm-98b">
         <name>SysCtlClockSet</name>
         <value>0x7441</value>
         <object_component_ref idref="oc-176"/>
      </symbol>
      <symbol id="sm-98c">
         <name>SysCtlPWMClockGet</name>
         <value>0x8309</value>
         <object_component_ref idref="oc-1fa"/>
      </symbol>
      <symbol id="sm-98d">
         <name>SysCtlDelay</name>
         <value>0x854f</value>
         <object_component_ref idref="oc-28d"/>
      </symbol>
      <symbol id="sm-98e">
         <name>SysCtlPeripheralEnable</name>
         <value>0x80b5</value>
         <object_component_ref idref="oc-17c"/>
      </symbol>
      <symbol id="sm-98f">
         <name>SysCtlClockGet</name>
         <value>0x7239</value>
         <object_component_ref idref="oc-db"/>
      </symbol>
      <symbol id="sm-990">
         <name>SysCtlPWMClockSet</name>
         <value>0x8381</value>
         <object_component_ref idref="oc-1f4"/>
      </symbol>
      <symbol id="sm-991">
         <name>SysCtlPeripheralReset</name>
         <value>0x7b49</value>
         <object_component_ref idref="oc-3e4"/>
      </symbol>
      <symbol id="sm-9a0">
         <name>SysTickIntRegister</name>
         <value>0x826d</value>
         <object_component_ref idref="oc-188"/>
      </symbol>
      <symbol id="sm-9cc">
         <name>TimerIntRegister</name>
         <value>0x8321</value>
         <object_component_ref idref="oc-24b"/>
      </symbol>
      <symbol id="sm-a4d">
         <name>UARTCharPutNonBlocking</name>
         <value>0x847b</value>
         <object_component_ref idref="oc-33b"/>
      </symbol>
      <symbol id="sm-a4e">
         <name>UARTTxIntModeSet</name>
         <value>0x84df</value>
         <object_component_ref idref="oc-329"/>
      </symbol>
      <symbol id="sm-a4f">
         <name>UARTConfigSetExpClk</name>
         <value>0x7ec5</value>
         <object_component_ref idref="oc-311"/>
      </symbol>
      <symbol id="sm-a50">
         <name>UARTDisable</name>
         <value>0x8289</value>
         <object_component_ref idref="oc-44a"/>
      </symbol>
      <symbol id="sm-a51">
         <name>UARTIntEnable</name>
         <value>0x853b</value>
         <object_component_ref idref="oc-323"/>
      </symbol>
      <symbol id="sm-a52">
         <name>UARTCharsAvail</name>
         <value>0x84d3</value>
         <object_component_ref idref="oc-347"/>
      </symbol>
      <symbol id="sm-a53">
         <name>UARTEnable</name>
         <value>0x8395</value>
         <object_component_ref idref="oc-450"/>
      </symbol>
      <symbol id="sm-a54">
         <name>UARTIntClear</name>
         <value>0x8567</value>
         <object_component_ref idref="oc-335"/>
      </symbol>
      <symbol id="sm-a55">
         <name>UARTIntStatus</name>
         <value>0x8521</value>
         <object_component_ref idref="oc-32f"/>
      </symbol>
      <symbol id="sm-a56">
         <name>UARTCharGet</name>
         <value>0x8517</value>
         <object_component_ref idref="oc-341"/>
      </symbol>
      <symbol id="sm-a57">
         <name>UARTIntRegister</name>
         <value>0x8339</value>
         <object_component_ref idref="oc-317"/>
      </symbol>
      <symbol id="sm-a69">
         <name>CPUcpsie</name>
         <value>0x84a3</value>
         <object_component_ref idref="oc-2d7"/>
      </symbol>
      <symbol id="sm-a6a">
         <name>CPUcpsid</name>
         <value>0x8497</value>
         <object_component_ref idref="oc-392"/>
      </symbol>
      <symbol id="sm-a8b">
         <name>atan2</name>
         <value>0x66c9</value>
         <object_component_ref idref="oc-2ce"/>
      </symbol>
      <symbol id="sm-a9d">
         <name>_c_int00</name>
         <value>0x7b99</value>
         <object_component_ref idref="oc-24"/>
      </symbol>
      <symbol id="sm-a9e">
         <name>__stack</name>
         <value>0x20000ff4</value>
         <object_component_ref idref="oc-29"/>
      </symbol>
      <symbol id="sm-ab5">
         <name>__TI_decompress_none</name>
         <value>0x8489</value>
         <object_component_ref idref="oc-12"/>
      </symbol>
      <symbol id="sm-ad8">
         <name>__TI_decompress_rle24</name>
         <value>0x8555</value>
         <object_component_ref idref="oc-18"/>
      </symbol>
      <symbol id="sm-aea">
         <name>__TI_zero_init</name>
         <value>0x84eb</value>
         <object_component_ref idref="oc-1e"/>
      </symbol>
      <symbol id="sm-b09">
         <name>C$$EXIT</name>
         <value>0x7e81</value>
         <object_component_ref idref="oc-6a"/>
      </symbol>
      <symbol id="sm-b0a">
         <name>abort</name>
         <value>0x7e85</value>
         <object_component_ref idref="oc-6a"/>
      </symbol>
      <symbol id="sm-b0b">
         <name>exit</name>
         <value>0x7e8d</value>
         <object_component_ref idref="oc-6a"/>
      </symbol>
      <symbol id="sm-b0c">
         <name>__TI_dtors_ptr</name>
         <value>0x20001c64</value>
         <object_component_ref idref="oc-a8"/>
      </symbol>
      <symbol id="sm-b0d">
         <name>__TI_cleanup_ptr</name>
         <value>0x20001c60</value>
         <object_component_ref idref="oc-a8"/>
      </symbol>
      <symbol id="sm-b31">
         <name>__aeabi_dsub</name>
         <value>0x61d1</value>
         <object_component_ref idref="oc-2be"/>
      </symbol>
      <symbol id="sm-b32">
         <name>__aeabi_dadd</name>
         <value>0x61db</value>
         <object_component_ref idref="oc-2be"/>
      </symbol>
      <symbol id="sm-b59">
         <name>__aeabi_cdcmpeq</name>
         <value>0x7773</value>
         <object_component_ref idref="oc-2de"/>
      </symbol>
      <symbol id="sm-b5a">
         <name>__aeabi_cdcmple</name>
         <value>0x7773</value>
         <object_component_ref idref="oc-2de"/>
      </symbol>
      <symbol id="sm-b5b">
         <name>__aeabi_cdrcmple</name>
         <value>0x77f9</value>
         <object_component_ref idref="oc-14e"/>
      </symbol>
      <symbol id="sm-b7b">
         <name>__aeabi_ddiv</name>
         <value>0x6dad</value>
         <object_component_ref idref="oc-2c3"/>
      </symbol>
      <symbol id="sm-b92">
         <name>__aeabi_dmul</name>
         <value>0x7345</value>
         <object_component_ref idref="oc-23f"/>
      </symbol>
      <symbol id="sm-ba0">
         <name>__aeabi_d2iz</name>
         <value>0x7df1</value>
         <object_component_ref idref="oc-123"/>
      </symbol>
      <symbol id="sm-bac">
         <name>__aeabi_d2f</name>
         <value>0x7ccd</value>
         <object_component_ref idref="oc-1e4"/>
      </symbol>
      <symbol id="sm-bba">
         <name>__aeabi_f2d</name>
         <value>0x8049</value>
         <object_component_ref idref="oc-1e9"/>
      </symbol>
      <symbol id="sm-bc6">
         <name>__aeabi_i2d</name>
         <value>0x817d</value>
         <object_component_ref idref="oc-128"/>
      </symbol>
      <symbol id="sm-be1">
         <name>memcpy</name>
         <value>0x76d7</value>
         <object_component_ref idref="oc-33"/>
      </symbol>
      <symbol id="sm-be2">
         <name>__aeabi_memcpy</name>
         <value>0x76d7</value>
         <object_component_ref idref="oc-33"/>
      </symbol>
      <symbol id="sm-be3">
         <name>__aeabi_memcpy8</name>
         <value>0x76d7</value>
         <object_component_ref idref="oc-33"/>
      </symbol>
      <symbol id="sm-be4">
         <name>__aeabi_memcpy4</name>
         <value>0x76d7</value>
         <object_component_ref idref="oc-33"/>
      </symbol>
      <symbol id="sm-bf3">
         <name>__aeabi_memset</name>
         <value>0x7881</value>
         <object_component_ref idref="oc-4c"/>
      </symbol>
      <symbol id="sm-bf4">
         <name>memset</name>
         <value>0x7887</value>
         <object_component_ref idref="oc-4c"/>
      </symbol>
      <symbol id="sm-bf5">
         <name>__aeabi_memset8</name>
         <value>0x7881</value>
         <object_component_ref idref="oc-4c"/>
      </symbol>
      <symbol id="sm-bf6">
         <name>__aeabi_memset4</name>
         <value>0x7881</value>
         <object_component_ref idref="oc-4c"/>
      </symbol>
      <symbol id="sm-bf7">
         <name>__aeabi_memclr8</name>
         <value>0x787f</value>
         <object_component_ref idref="oc-4c"/>
      </symbol>
      <symbol id="sm-bf8">
         <name>__aeabi_memclr4</name>
         <value>0x787f</value>
         <object_component_ref idref="oc-4c"/>
      </symbol>
      <symbol id="sm-bf9">
         <name>__aeabi_memclr</name>
         <value>0x787f</value>
         <object_component_ref idref="oc-4c"/>
      </symbol>
      <symbol id="sm-c03">
         <name>_system_pre_init</name>
         <value>0x856b</value>
         <object_component_ref idref="oc-58"/>
      </symbol>
      <symbol id="sm-c22">
         <name>sqrt</name>
         <value>0x6c65</value>
         <object_component_ref idref="oc-2c8"/>
      </symbol>
      <symbol id="sm-c2a">
         <name>main_func_sp</name>
         <value>0x20001c74</value>
         <object_component_ref idref="oc-70"/>
      </symbol>
      <symbol id="sm-c38">
         <name>strlen</name>
         <value>0x83bd</value>
         <object_component_ref idref="oc-35e"/>
      </symbol>
      <symbol id="sm-c4b">
         <name>__aeabi_uidivmod</name>
         <value>0x7f07</value>
         <object_component_ref idref="oc-261"/>
      </symbol>
      <symbol id="sm-c4c">
         <name>__aeabi_uidiv</name>
         <value>0x7f07</value>
         <object_component_ref idref="oc-261"/>
      </symbol>
      <symbol id="sm-c65">
         <name>vsprintf</name>
         <value>0x7e39</value>
         <object_component_ref idref="oc-358"/>
      </symbol>
      <symbol id="sm-c8b">
         <name>_Atan</name>
         <value>0x653d</value>
         <object_component_ref idref="oc-436"/>
      </symbol>
      <symbol id="sm-ca7">
         <name>_Dscale</name>
         <value>0x7129</value>
         <object_component_ref idref="oc-426"/>
      </symbol>
      <symbol id="sm-cbb">
         <name>_Dunscale</name>
         <value>0x7a39</value>
         <object_component_ref idref="oc-420"/>
      </symbol>
      <symbol id="sm-cca">
         <name>_Feraise</name>
         <value>0x814d</value>
         <object_component_ref idref="oc-42c"/>
      </symbol>
      <symbol id="sm-cda">
         <name>_Rteps</name>
         <value>0x20001a08</value>
         <object_component_ref idref="oc-432"/>
      </symbol>
      <symbol id="sm-cdb">
         <name>_Zero</name>
         <value>0x20001a20</value>
         <object_component_ref idref="oc-432"/>
      </symbol>
      <symbol id="sm-cdc">
         <name>_Hugeval</name>
         <value>0x200019c8</value>
         <object_component_ref idref="oc-432"/>
      </symbol>
      <symbol id="sm-cdd">
         <name>_Snan</name>
         <value>0x200019f8</value>
         <object_component_ref idref="oc-432"/>
      </symbol>
      <symbol id="sm-cde">
         <name>_Nan</name>
         <value>0x200019e8</value>
         <object_component_ref idref="oc-432"/>
      </symbol>
      <symbol id="sm-cdf">
         <name>_Inf</name>
         <value>0x200019d8</value>
         <object_component_ref idref="oc-432"/>
      </symbol>
      <symbol id="sm-ce0">
         <name>_Xbig</name>
         <value>0x20001a18</value>
         <object_component_ref idref="oc-432"/>
      </symbol>
      <symbol id="sm-ce1">
         <name>_Eps</name>
         <value>0x200019b8</value>
         <object_component_ref idref="oc-432"/>
      </symbol>
      <symbol id="sm-ce2">
         <name>_Denorm</name>
         <value>0x200019a8</value>
         <object_component_ref idref="oc-432"/>
      </symbol>
      <symbol id="sm-cfb">
         <name>_nop</name>
         <value>0x83b7</value>
         <object_component_ref idref="oc-161"/>
      </symbol>
      <symbol id="sm-cfc">
         <name>_lock</name>
         <value>0x20001c58</value>
         <object_component_ref idref="oc-a5"/>
      </symbol>
      <symbol id="sm-cfd">
         <name>_unlock</name>
         <value>0x20001c5c</value>
         <object_component_ref idref="oc-a5"/>
      </symbol>
      <symbol id="sm-cfe">
         <name>_register_lock</name>
         <value>0x83af</value>
         <object_component_ref idref="oc-161"/>
      </symbol>
      <symbol id="sm-cff">
         <name>_register_unlock</name>
         <value>0x83a9</value>
         <object_component_ref idref="oc-161"/>
      </symbol>
      <symbol id="sm-e04">
         <name>__TI_printfi</name>
         <value>0x1021</value>
         <object_component_ref idref="oc-476"/>
      </symbol>
      <symbol id="sm-e19">
         <name>_args_main</name>
         <value>0x8351</value>
         <object_component_ref idref="oc-64"/>
      </symbol>
      <symbol id="sm-e2f">
         <name>atoi</name>
         <value>0x7c35</value>
         <object_component_ref idref="oc-52c"/>
      </symbol>
      <symbol id="sm-e55">
         <name>__TI_auto_init</name>
         <value>0x78f9</value>
         <object_component_ref idref="oc-5e"/>
      </symbol>
      <symbol id="sm-e6f">
         <name>copy_in</name>
         <value>0x7c81</value>
         <object_component_ref idref="oc-95"/>
      </symbol>
      <symbol id="sm-e7a">
         <name>_ctypes_</name>
         <value>0x87b0</value>
         <object_component_ref idref="oc-58f"/>
      </symbol>
      <symbol id="sm-e82">
         <name>_Errno</name>
         <value>0x20001c70</value>
         <object_component_ref idref="oc-4e1"/>
      </symbol>
      <symbol id="sm-ea0">
         <name>feraiseexcept</name>
         <value>0x80e9</value>
         <object_component_ref idref="oc-4db"/>
      </symbol>
      <symbol id="sm-ea1">
         <name>_Tls_setup__Fenv</name>
         <value>0x20001c6c</value>
         <object_component_ref idref="oc-573"/>
      </symbol>
      <symbol id="sm-ea2">
         <name>_Fenv</name>
         <value>0x20001c68</value>
         <object_component_ref idref="oc-573"/>
      </symbol>
      <symbol id="sm-eaf">
         <name>frexp</name>
         <value>0x8203</value>
         <object_component_ref idref="oc-50e"/>
      </symbol>
      <symbol id="sm-ec0">
         <name>ldexp</name>
         <value>0x7af5</value>
         <object_component_ref idref="oc-514"/>
      </symbol>
      <symbol id="sm-ecf">
         <name>ltoa</name>
         <value>0x7a9f</value>
         <object_component_ref idref="oc-508"/>
      </symbol>
      <symbol id="sm-edf">
         <name>memccpy</name>
         <value>0x82a5</value>
         <object_component_ref idref="oc-526"/>
      </symbol>
      <symbol id="sm-ef3">
         <name>raise</name>
         <value>0x81ab</value>
         <object_component_ref idref="oc-56d"/>
      </symbol>
      <symbol id="sm-f0d">
         <name>signal</name>
         <value>0x8009</value>
         <object_component_ref idref="oc-5a1"/>
      </symbol>
      <symbol id="sm-f1d">
         <name>strchr</name>
         <value>0x8369</value>
         <object_component_ref idref="oc-51a"/>
      </symbol>
      <symbol id="sm-f47">
         <name>__aeabi_uldivmod</name>
         <value>0x5e01</value>
         <object_component_ref idref="oc-503"/>
      </symbol>
      <symbol id="sm-f55">
         <name>_Dclass</name>
         <value>0x811d</value>
         <object_component_ref idref="oc-520"/>
      </symbol>
      <symbol id="sm-f6a">
         <name>_Dnorm</name>
         <value>0x7619</value>
         <object_component_ref idref="oc-4d1"/>
      </symbol>
      <symbol id="sm-f6b">
         <name>__TI_static_base__</name>
         <value>0x0</value>
      </symbol>
      <symbol id="sm-f6e">
         <name>SHT$$INIT_ARRAY$$Limit</name>
         <value>0x0</value>
      </symbol>
      <symbol id="sm-f6f">
         <name>SHT$$INIT_ARRAY$$Base</name>
         <value>0x0</value>
      </symbol>
   </symbol_table>
   <title>Link successful</title>
</link_info>
